Component: ARM Compiler 5.05 update 2 (build 169) Tool: armlink [4d0f33]

==============================================================================

Section Cross References

    stm32f10x_adc.o(i.ADC_DeInit) refers to stm32f10x_rcc.o(i.RCC_APB2PeriphResetCmd) for RCC_APB2PeriphResetCmd
    stm32f10x_flash.o(i.FLASH_EnableWriteProtection) refers to stm32f10x_flash.o(i.FLASH_WaitForLastOperation) for FLASH_WaitForLastOperation
    stm32f10x_flash.o(i.FLASH_EraseAllBank1Pages) refers to stm32f10x_flash.o(i.FLASH_WaitForLastBank1Operation) for FLASH_WaitForLastBank1Operation
    stm32f10x_flash.o(i.FLASH_EraseAllPages) refers to stm32f10x_flash.o(i.FLASH_WaitForLastOperation) for FLASH_WaitForLastOperation
    stm32f10x_flash.o(i.FLASH_EraseOptionBytes) refers to stm32f10x_flash.o(i.FLASH_GetReadOutProtectionStatus) for FLASH_GetReadOutProtectionStatus
    stm32f10x_flash.o(i.FLASH_EraseOptionBytes) refers to stm32f10x_flash.o(i.FLASH_WaitForLastOperation) for FLASH_WaitForLastOperation
    stm32f10x_flash.o(i.FLASH_ErasePage) refers to stm32f10x_flash.o(i.FLASH_WaitForLastOperation) for FLASH_WaitForLastOperation
    stm32f10x_flash.o(i.FLASH_ProgramHalfWord) refers to stm32f10x_flash.o(i.FLASH_WaitForLastOperation) for FLASH_WaitForLastOperation
    stm32f10x_flash.o(i.FLASH_ProgramOptionByteData) refers to stm32f10x_flash.o(i.FLASH_WaitForLastOperation) for FLASH_WaitForLastOperation
    stm32f10x_flash.o(i.FLASH_ProgramWord) refers to stm32f10x_flash.o(i.FLASH_WaitForLastOperation) for FLASH_WaitForLastOperation
    stm32f10x_flash.o(i.FLASH_ReadOutProtection) refers to stm32f10x_flash.o(i.FLASH_WaitForLastOperation) for FLASH_WaitForLastOperation
    stm32f10x_flash.o(i.FLASH_UserOptionByteConfig) refers to stm32f10x_flash.o(i.FLASH_WaitForLastOperation) for FLASH_WaitForLastOperation
    stm32f10x_flash.o(i.FLASH_WaitForLastBank1Operation) refers to stm32f10x_flash.o(i.FLASH_GetBank1Status) for FLASH_GetBank1Status
    stm32f10x_flash.o(i.FLASH_WaitForLastOperation) refers to stm32f10x_flash.o(i.FLASH_GetBank1Status) for FLASH_GetBank1Status
    stm32f10x_gpio.o(i.GPIO_AFIODeInit) refers to stm32f10x_rcc.o(i.RCC_APB2PeriphResetCmd) for RCC_APB2PeriphResetCmd
    stm32f10x_gpio.o(i.GPIO_DeInit) refers to stm32f10x_rcc.o(i.RCC_APB2PeriphResetCmd) for RCC_APB2PeriphResetCmd
    stm32f10x_pwr.o(i.PWR_DeInit) refers to stm32f10x_rcc.o(i.RCC_APB1PeriphResetCmd) for RCC_APB1PeriphResetCmd
    stm32f10x_rcc.o(i.RCC_GetClocksFreq) refers to stm32f10x_rcc.o(.data) for APBAHBPrescTable
    stm32f10x_rcc.o(i.RCC_WaitForHSEStartUp) refers to stm32f10x_rcc.o(i.RCC_GetFlagStatus) for RCC_GetFlagStatus
    stm32f10x_tim.o(i.TIM_DeInit) refers to stm32f10x_rcc.o(i.RCC_APB2PeriphResetCmd) for RCC_APB2PeriphResetCmd
    stm32f10x_tim.o(i.TIM_DeInit) refers to stm32f10x_rcc.o(i.RCC_APB1PeriphResetCmd) for RCC_APB1PeriphResetCmd
    stm32f10x_tim.o(i.TIM_ETRClockMode1Config) refers to stm32f10x_tim.o(i.TIM_ETRConfig) for TIM_ETRConfig
    stm32f10x_tim.o(i.TIM_ETRClockMode2Config) refers to stm32f10x_tim.o(i.TIM_ETRConfig) for TIM_ETRConfig
    stm32f10x_tim.o(i.TIM_ICInit) refers to stm32f10x_tim.o(i.TI1_Config) for TI1_Config
    stm32f10x_tim.o(i.TIM_ICInit) refers to stm32f10x_tim.o(i.TIM_SetIC1Prescaler) for TIM_SetIC1Prescaler
    stm32f10x_tim.o(i.TIM_ICInit) refers to stm32f10x_tim.o(i.TI2_Config) for TI2_Config
    stm32f10x_tim.o(i.TIM_ICInit) refers to stm32f10x_tim.o(i.TIM_SetIC2Prescaler) for TIM_SetIC2Prescaler
    stm32f10x_tim.o(i.TIM_ICInit) refers to stm32f10x_tim.o(i.TI3_Config) for TI3_Config
    stm32f10x_tim.o(i.TIM_ICInit) refers to stm32f10x_tim.o(i.TIM_SetIC3Prescaler) for TIM_SetIC3Prescaler
    stm32f10x_tim.o(i.TIM_ICInit) refers to stm32f10x_tim.o(i.TI4_Config) for TI4_Config
    stm32f10x_tim.o(i.TIM_ICInit) refers to stm32f10x_tim.o(i.TIM_SetIC4Prescaler) for TIM_SetIC4Prescaler
    stm32f10x_tim.o(i.TIM_ITRxExternalClockConfig) refers to stm32f10x_tim.o(i.TIM_SelectInputTrigger) for TIM_SelectInputTrigger
    stm32f10x_tim.o(i.TIM_PWMIConfig) refers to stm32f10x_tim.o(i.TI1_Config) for TI1_Config
    stm32f10x_tim.o(i.TIM_PWMIConfig) refers to stm32f10x_tim.o(i.TIM_SetIC1Prescaler) for TIM_SetIC1Prescaler
    stm32f10x_tim.o(i.TIM_PWMIConfig) refers to stm32f10x_tim.o(i.TI2_Config) for TI2_Config
    stm32f10x_tim.o(i.TIM_PWMIConfig) refers to stm32f10x_tim.o(i.TIM_SetIC2Prescaler) for TIM_SetIC2Prescaler
    stm32f10x_tim.o(i.TIM_TIxExternalClockConfig) refers to stm32f10x_tim.o(i.TI2_Config) for TI2_Config
    stm32f10x_tim.o(i.TIM_TIxExternalClockConfig) refers to stm32f10x_tim.o(i.TI1_Config) for TI1_Config
    stm32f10x_tim.o(i.TIM_TIxExternalClockConfig) refers to stm32f10x_tim.o(i.TIM_SelectInputTrigger) for TIM_SelectInputTrigger
    stm32f10x_usart.o(i.USART_DeInit) refers to stm32f10x_rcc.o(i.RCC_APB2PeriphResetCmd) for RCC_APB2PeriphResetCmd
[...]
    __rt_lib_init_lc_collate_1               0x08000213   Thumb Code     0  libinit2.o(.ARM.Collect$$libinit$$00000011)
    __rt_lib_init_lc_ctype_2                 0x08000213   Thumb Code     0  libinit2.o(.ARM.Collect$$libinit$$00000012)
    __rt_lib_init_lc_ctype_1                 0x0800021f   Thumb Code     0  libinit2.o(.ARM.Collect$$libinit$$00000013)
    __rt_lib_init_lc_monetary_1              0x0800021f   Thumb Code     0  libinit2.o(.ARM.Collect$$libinit$$00000015)
    __rt_lib_init_lc_numeric_2               0x0800021f   Thumb Code     0  libinit2.o(.ARM.Collect$$libinit$$00000016)
    __rt_lib_init_alloca_1                   0x08000229   Thumb Code     0  libinit2.o(.ARM.Collect$$libinit$$0000002E)
    __rt_lib_init_argv_1                     0x08000229   Thumb Code     0  libinit2.o(.ARM.Collect$$libinit$$0000002C)
    __rt_lib_init_atexit_1                   0x08000229   Thumb Code     0  libinit2.o(.ARM.Collect$$libinit$$0000001B)
    __rt_lib_init_clock_1                    0x08000229   Thumb Code     0  libinit2.o(.ARM.Collect$$libinit$$00000021)
    __rt_lib_init_cpp_1                      0x08000229   Thumb Code     0  libinit2.o(.ARM.Collect$$libinit$$00000032)
    __rt_lib_init_exceptions_1               0x08000229   Thumb Code     0  libinit2.o(.ARM.Collect$$libinit$$00000030)
    __rt_lib_init_fp_trap_1                  0x08000229   Thumb Code     0  libinit2.o(.ARM.Collect$$libinit$$0000001F)
    __rt_lib_init_getenv_1                   0x08000229   Thumb Code     0  libinit2.o(.ARM.Collect$$libinit$$00000023)
    __rt_lib_init_lc_numeric_1               0x08000229   Thumb Code     0  libinit2.o(.ARM.Collect$$libinit$$00000017)
    __rt_lib_init_lc_time_1                  0x08000229   Thumb Code     0  libinit2.o(.ARM.Collect$$libinit$$00000019)
    __rt_lib_init_return                     0x08000229   Thumb Code     0  libinit2.o(.ARM.Collect$$libinit$$00000033)
    __rt_lib_init_signal_1                   0x08000229   Thumb Code     0  libinit2.o(.ARM.Collect$$libinit$$0000001D)
    __rt_lib_init_stdio_1                    0x08000229   Thumb Code     0  libinit2.o(.ARM.Collect$$libinit$$00000025)
    __rt_lib_shutdown                        0x0800022b   Thumb Code     0  libshutdown.o(.ARM.Collect$$libshutdown$$00000000)
    __rt_lib_shutdown_fp_trap_1              0x0800022d   Thumb Code     0  libshutdown2.o(.ARM.Collect$$libshutdown$$00000006)
    __rt_lib_shutdown_heap_1                 0x0800022d   Thumb Code     0  libshutdown2.o(.ARM.Collect$$libshutdown$$0000000E)
    __rt_lib_shutdown_return                 0x0800022d   Thumb Code     0  libshutdown2.o(.ARM.Collect$$libshutdown$$0000000F)
    __rt_lib_shutdown_signal_1               0x0800022d   Thumb Code     0  libshutdown2.o(.ARM.Collect$$libshutdown$$00000009)
    __rt_lib_shutdown_stdio_1                0x0800022d   Thumb Code     0  libshutdown2.o(.ARM.Collect$$libshutdown$$00000003)
    __rt_lib_shutdown_user_alloc_1           0x0800022d   Thumb Code     0  libshutdown2.o(.ARM.Collect$$libshutdown$$0000000B)
    __rt_entry                               0x0800022f   Thumb Code     0  __rtentry.o(.ARM.Collect$$rtentry$$00000000)
    __rt_entry_presh_1                       0x0800022f   Thumb Code     0  __rtentry2.o(.ARM.Collect$$rtentry$$00000002)
    __rt_entry_sh                            0x0800022f   Thumb Code     0  __rtentry4.o(.ARM.Collect$$rtentry$$00000004)
    __rt_entry_li                            0x08000235   Thumb Code     0  __rtentry2.o(.ARM.Collect$$rtentry$$0000000A)
    __rt_entry_postsh_1                      0x08000235   Thumb Code     0  __rtentry2.o(.ARM.Collect$$rtentry$$00000009)
    __rt_entry_main                          0x08000239   Thumb Code     0  __rtentry2.o(.ARM.Collect$$rtentry$$0000000D)
    __rt_entry_postli_1                      0x08000239   Thumb Code     0  __rtentry2.o(.ARM.Collect$$rtentry$$0000000C)
    __rt_exit                                0x08000241   Thumb Code     0  rtexit.o(.ARM.Collect$$rtexit$$00000000)
    __rt_exit_ls                             0x08000243   Thumb Code     0  rtexit2.o(.ARM.Collect$$rtexit$$00000003)
    __rt_exit_prels_1                        0x08000243   Thumb Code     0  rtexit2.o(.ARM.Collect$$rtexit$$00000002)
    __rt_exit_exit                           0x08000247   Thumb Code     0  rtexit2.o(.ARM.Collect$$rtexit$$00000004)
    nop                                      0x0800024d   Thumb Code    12  main.o(.emb_text)
    __asm___5_rcc_c_f9faefc5__rcc_asm        0x08000259   Thumb Code    12  rcc.o(.emb_text)
    Reset_Handler                            0x08000269   Thumb Code     8  startup_stm32f10x_md.o(.text)
    _maybe_terminate_alloc                   0x08000269   Thumb Code     0  maybetermalloc1.o(.emb_text)
    NMI_Handler                              0x08000271   Thumb Code     2  startup_stm32f10x_md.o(.text)
    SVC_Handler                              0x0800027b   Thumb Code     2  startup_stm32f10x_md.o(.text)
    DebugMon_Handler                         0x0800027d   Thumb Code     2  startup_stm32f10x_md.o(.text)
    PendSV_Handler                           0x0800027f   Thumb Code     2  startup_stm32f10x_md.o(.text)
    ADC1_2_IRQHandler                        0x08000283   Thumb Code     0  startup_stm32f10x_md.o(.text)
    CAN1_RX1_IRQHandler                      0x08000283   Thumb Code     0  startup_stm32f10x_md.o(.text)
    CAN1_SCE_IRQHandler                      0x08000283   Thumb Code     0  startup_stm32f10x_md.o(.text)
    DMA1_Channel2_IRQHandler                 0x08000283   Thumb Code     0  startup_stm32f10x_md.o(.text)
    DMA1_Channel3_IRQHandler                 0x08000283   Thumb Code     0  startup_stm32f10x_md.o(.text)
    DMA1_Channel5_IRQHandler                 0x08000283   Thumb Code     0  startup_stm32f10x_md.o(.text)
    DMA1_Channel6_IRQHandler                 0x08000283   Thumb Code     0  startup_stm32f10x_md.o(.text)
    DMA1_Channel7_IRQHandler                 0x08000283   Thumb Code     0  startup_stm32f10x_md.o(.text)
    EXTI0_IRQHandler                         0x08000283   Thumb Code     0  startup_stm32f10x_md.o(.text)
    EXTI15_10_IRQHandler                     0x08000283   Thumb Code     0  startup_stm32f10x_md.o(.text)
    EXTI1_IRQHandler                         0x08000283   Thumb Code     0  startup_stm32f10x_md.o(.text)
    EXTI2_IRQHandler                         0x08000283   Thumb Code     0  startup_stm32f10x_md.o(.text)
    EXTI3_IRQHandler                         0x08000283   Thumb Code     0  startup_stm32f10x_md.o(.text)
    EXTI4_IRQHandler                         0x08000283   Thumb Code     0  startup_stm32f10x_md.o(.text)
    EXTI9_5_IRQHandler                       0x08000283   Thumb Code     0  startup_stm32f10x_md.o(.text)
    FLASH_IRQHandler                         0x08000283   Thumb Code     0  startup_stm32f10x_md.o(.text)
    I2C1_ER_IRQHandler                       0x08000283   Thumb Code     0  startup_stm32f10x_md.o(.text)
    I2C1_EV_IRQHandler                       0x08000283   Thumb Code     0  startup_stm32f10x_md.o(.text)
    I2C2_ER_IRQHandler                       0x08000283   Thumb Code     0  startup_stm32f10x_md.o(.text)
    I2C2_EV_IRQHandler                       0x08000283   Thumb Code     0  startup_stm32f10x_md.o(.text)
    PVD_IRQHandler                           0x08000283   Thumb Code     0  startup_stm32f10x_md.o(.text)
    RCC_IRQHandler                           0x08000283   Thumb Code     0  startup_stm32f10x_md.o(.text)
    RTCAlarm_IRQHandler                      0x08000283   Thumb Code     0  startup_stm32f10x_md.o(.text)
    RTC_IRQHandler                           0x08000283   Thumb Code     0  startup_stm32f10x_md.o(.text)
    SPI1_IRQHandler                          0x08000283   Thumb Code     0  startup_stm32f10x_md.o(.text)
    SPI2_IRQHandler                          0x08000283   Thumb Code     0  startup_stm32f10x_md.o(.text)
    TAMPER_IRQHandler                        0x08000283   Thumb Code     0  startup_stm32f10x_md.o(.text)
    TIM1_BRK_IRQHandler                      0x08000283   Thumb Code     0  startup_stm32f10x_md.o(.text)
    TIM1_TRG_COM_IRQHandler                  0x08000283   Thumb Code     0  startup_stm32f10x_md.o(.text)
    TIM1_UP_IRQHandler                       0x08000283   Thumb Code     0  startup_stm32f10x_md.o(.text)
    TIM2_IRQHandler                          0x08000283   Thumb Code     0  startup_stm32f10x_md.o(.text)
    TIM3_IRQHandler                          0x08000283   Thumb Code     0  startup_stm32f10x_md.o(.text)
    TIM4_IRQHandler                          0x08000283   Thumb Code     0  startup_stm32f10x_md.o(.text)
    USART1_IRQHandler                        0x08000283   Thumb Code     0  startup_stm32f10x_md.o(.text)
    USART2_IRQHandler                        0x08000283   Thumb Code     0  startup_stm32f10x_md.o(.text)
    USART3_IRQHandler                        0x08000283   Thumb Code     0  startup_stm32f10x_md.o(.text)
    USBWakeUp_IRQHandler                     0x08000283   Thumb Code     0  startup_stm32f10x_md.o(.text)
    USB_HP_CAN1_TX_IRQHandler                0x08000283   Thumb Code     0  startup_stm32f10x_md.o(.text)
    USB_LP_CAN1_RX0_IRQHandler               0x08000283   Thumb Code     0  startup_stm32f10x_md.o(.text)
    WWDG_IRQHandler                          0x08000283   Thumb Code     0  startup_stm32f10x_md.o(.text)
    __user_initial_stackheap                 0x08000285   Thumb Code     0  startup_stm32f10x_md.o(.text)
    calloc                                   0x080002a9   Thumb Code    40  calloc.o(.text)
    __2sprintf                               0x080002d1   Thumb Code    34  noretval__2sprintf.o(.text)
    _printf_pre_padding                      0x080002f9   Thumb Code    44  _printf_pad.o(.text)
    _printf_post_padding                     0x08000325   Thumb Code    34  _printf_pad.o(.text)
    _printf_truncate_signed                  0x08000347   Thumb Code    18  _printf_truncate.o(.text)
    _printf_truncate_unsigned                0x08000359   Thumb Code    18  _printf_truncate.o(.text)
    _printf_str                              0x0800036b   Thumb Code    82  _printf_str.o(.text)
    _printf_int_dec                          0x080003bd   Thumb Code   104  _printf_dec.o(.text)
    _printf_charcount                        0x08000435   Thumb Code    40  _printf_charcount.o(.text)
    _printf_wctomb                           0x0800045d   Thumb Code   182  _printf_wctomb.o(.text)
    _printf_int_oct                          0x08000519   Thumb Code    74  _printf_oct_int.o(.text)
    _printf_longlong_oct                     0x08000519   Thumb Code     0  _printf_oct_int.o(.text)
    _printf_longlong_hex                     0x0800056d   Thumb Code    78  _printf_hex_int_ptr.o(.text)
    _printf_int_hex                          0x080005bb   Thumb Code    26  _printf_hex_int_ptr.o(.text)
    _printf_hex_ptr                          0x080005d5   Thumb Code    16  _printf_hex_int_ptr.o(.text)
    __printf                                 0x080005e9   Thumb Code   388  __printf_flags_ss_wp.o(.text)
    __0sscanf                                0x08000771   Thumb Code    52  __0sscanf.o(.text)
    _scanf_int                               0x080007ad   Thumb Code   332  _scanf_int.o(.text)
    _scanf_string                            0x080008f9   Thumb Code   224  _scanf_str.o(.text)
    bsearch                                  0x080009d9   Thumb Code    80  bsearchnoex.o(.text)
    strncasecmp                              0x08000a29   Thumb Code    50  strncasecmp.o(.text)
    strcasecmp                               0x08000a5b   Thumb Code    42  strcasecmp.o(.text)
    strlen                                   0x08000a85   Thumb Code    62  strlen.o(.text)
    __aeabi_memcpy4                          0x08000ac3   Thumb Code     0  rt_memcpy_w.o(.text)
    __aeabi_memcpy8                          0x08000ac3   Thumb Code     0  rt_memcpy_w.o(.text)
    __rt_memcpy_w                            0x08000ac3   Thumb Code   100  rt_memcpy_w.o(.text)
    _memcpy_lastbytes_aligned                0x08000b0b   Thumb Code     0  rt_memcpy_w.o(.text)
    __aeabi_memclr                           0x08000b27   Thumb Code     0  rt_memclr.o(.text)
    __rt_memclr                              0x08000b27   Thumb Code    68  rt_memclr.o(.text)
    _memset                                  0x08000b2b   Thumb Code     0  rt_memclr.o(.text)
    __use_two_region_memory                  0x08000b6b   Thumb Code     2  heapauxi.o(.text)
    __rt_heap_escrow                         0x08000b6d   Thumb Code     2  heapauxi.o(.text)
    __rt_heap_expand                         0x08000b6f   Thumb Code     2  heapauxi.o(.text)
    malloc                                   0x08000b71   Thumb Code    94  h1_alloc.o(.text)
    __read_errno                             0x08000bcf   Thumb Code    10  _rserrno.o(.text)
    __set_errno                              0x08000bd9   Thumb Code    12  _rserrno.o(.text)
    tolower                                  0x08000be5   Thumb Code    26  tolower.o(.text)
    _printf_int_common                       0x08000bff   Thumb Code   178  _printf_intcommon.o(.text)
    __lib_sel_fp_printf                      0x08000cb1   Thumb Code     2  _printf_fp_dec.o(.text)
    _printf_fp_dec_real                      0x08000e5f   Thumb Code   620  _printf_fp_dec.o(.text)
    _printf_fp_hex_real                      0x080010cd   Thumb Code   754  _printf_fp_hex.o(.text)
    _printf_char_common                      0x080013d3   Thumb Code    32  _printf_char_common.o(.text)
    _sputc                                   0x080013f9   Thumb Code    10  _sputc.o(.text)
    _printf_cs_common                        0x08001403   Thumb Code    20  _printf_char.o(.text)
    _printf_char                             0x08001417   Thumb Code    16  _printf_char.o(.text)
    _printf_string                           0x08001427   Thumb Code     8  _printf_char.o(.text)
    _printf_lcs_common                       0x0800142f   Thumb Code    20  _printf_wchar.o(.text)
    _printf_wchar                            0x08001443   Thumb Code    16  _printf_wchar.o(.text)
    _printf_wstring                          0x08001453   Thumb Code     8  _printf_wchar.o(.text)
    _chval                                   0x0800145b   Thumb Code    28  _chval.o(.text)
    _scanf_really_real                       0x08001675   Thumb Code   668  scanf_fp.o(.text)
    __vfscanf_char                           0x08001929   Thumb Code    24  scanf_char.o(.text)
    _sgetc                                   0x08001949   Thumb Code    30  _sgetc.o(.text)
    _sbackspace                              0x08001967   Thumb Code    34  _sgetc.o(.text)
    _wcrtomb                                 0x08001989   Thumb Code    64  _wcrtomb.o(.text)
    __aeabi_memclr4                          0x080019c9   Thumb Code     0  rt_memclr_w.o(.text)
    __aeabi_memclr8                          0x080019c9   Thumb Code     0  rt_memclr_w.o(.text)
    __rt_memclr_w                            0x080019c9   Thumb Code    78  rt_memclr_w.o(.text)
    _memset_w                                0x080019cd   Thumb Code     0  rt_memclr_w.o(.text)
    __rt_ctype_table                         0x08001a19   Thumb Code    16  rt_ctype_table.o(.text)
    __rt_heap_descriptor                     0x08001a29   Thumb Code     8  rt_heap_descriptor_intlibspace.o(.text)
    __rt_locale                              0x08001a31   Thumb Code     8  rt_locale_intlibspace.o(.text)
    __aeabi_errno_addr                       0x08001a39   Thumb Code     8  rt_errno_addr_intlibspace.o(.text)
    __errno$intlibspace                      0x08001a39   Thumb Code     0  rt_errno_addr_intlibspace.o(.text)
    __rt_errno_addr$intlibspace              0x08001a39   Thumb Code     0  rt_errno_addr_intlibspace.o(.text)
    __use_no_heap                            0x08001a41   Thumb Code     2  hguard.o(.text)
    __heap$guard                             0x08001a43   Thumb Code     2  hguard.o(.text)
    _terminate_user_alloc                    0x08001a45   Thumb Code     2  init_alloc.o(.text)
    _init_user_alloc                         0x08001a47   Thumb Code     2  init_alloc.o(.text)
    __Heap_Full                              0x08001a49   Thumb Code    34  init_alloc.o(.text)
    __Heap_Broken                            0x08001a6b   Thumb Code     6  init_alloc.o(.text)
    _init_alloc                              0x08001a71   Thumb Code    94  init_alloc.o(.text)
    __Heap_Initialize                        0x08001acf   Thumb Code    10  h1_init.o(.text)
    __Heap_DescSize                          0x08001ad9   Thumb Code     4  h1_init.o(.text)
    free                                     0x08001add   Thumb Code    78  h1_free.o(.text)
    _ll_udiv10                               0x08001b2b   Thumb Code   138  lludiv10.o(.text)
    isspace                                  0x08001bb5   Thumb Code    18  isspace.o(.text)
    _printf_fp_infnan                        0x08001bc9   Thumb Code   112  _printf_fp_infnan.o(.text)
    __vfscanf                                0x08001c49   Thumb Code   878  _scanf.o(.text)
    _btod_etento                             0x08001fbd   Thumb Code   216  bigflt0.o(.text)
    __user_libspace                          0x08002099   Thumb Code     8  libspace.o(.text)
    __user_perproc_libspace                  0x08002099   Thumb Code     0  libspace.o(.text)
    __user_perthread_libspace                0x08002099   Thumb Code     0  libspace.o(.text)
    __user_setup_stackheap                   0x080020a1   Thumb Code    74  sys_stackheap_outer.o(.text)
    __Heap_ProvideMemory                     0x080020eb   Thumb Code    52  h1_extend.o(.text)
    _scanf_really_hex_real                   0x08002121   Thumb Code   778  scanf_hexfp.o(.text)
    _scanf_really_infnan                     0x08002439   Thumb Code   292  scanf_infnan.o(.text)
    exit                                     0x0800256d   Thumb Code    12  exit.o(.text)
    __rt_SIGRTMEM                            0x08002579   Thumb Code    14  defsig_rtmem_outer.o(.text)
    strcmp                                   0x08002589   Thumb Code   128  strcmpv7m.o(.text)
    __I$use$semihosting                      0x08002609   Thumb Code     0  use_no_semi.o(.text)
    __use_no_semihosting_swi                 0x08002609   Thumb Code     2  use_no_semi.o(.text)
    __aeabi_llsl                             0x0800260b   Thumb Code     0  llshl.o(.text)
    __semihosting_library_function           0x0800260b   Thumb Code     0  indicate_semi.o(.text)
    _ll_shift_l                              0x0800260b   Thumb Code    38  llshl.o(.text)
    __sig_exit                               0x08002631   Thumb Code    10  defsig_exit.o(.text)
    __rt_SIGRTMEM_inner                      0x0800263d   Thumb Code    22  defsig_rtmem_inner.o(.text)
    _sys_exit                                0x0800268d   Thumb Code     8  sys_exit.o(.text)
    __default_signal_display                 0x08002699   Thumb Code    50  defsig_general.o(.text)
    _ttywrch                                 0x080026cb   Thumb Code    14  sys_wrch.o(.text)
    _btod_d2e                                0x080026d9   Thumb Code    62  btod.o(CL$$btod_d2e)
    _d2e_denorm_low                          0x08002717   Thumb Code    70  btod.o(CL$$btod_d2e_denorm_low)
    _d2e_norm_op1                            0x0800275d   Thumb Code    96  btod.o(CL$$btod_d2e_norm_op1)
    __btod_div_common                        0x080027bd   Thumb Code   696  btod.o(CL$$btod_div_common)
    _e2d                                     0x08002af5   Thumb Code    80  btod.o(CL$$btod_e2d)
    _e2e                                     0x08002b49   Thumb Code   198  btod.o(CL$$btod_e2e)
    _btod_ediv                               0x08002c0f   Thumb Code    40  btod.o(CL$$btod_ediv)
    _btod_edivd                              0x08002c37   Thumb Code    40  btod.o(CL$$btod_edivd)
    _btod_emul                               0x08002c5f   Thumb Code    40  btod.o(CL$$btod_emul)
    _btod_emuld                              0x08002c87   Thumb Code    40  btod.o(CL$$btod_emuld)
    __btod_mult_common                       0x08002caf   Thumb Code   580  btod.o(CL$$btod_mult_common)
    ADC_Cmd                                  0x08002ef3   Thumb Code    22  stm32f10x_adc.o(i.ADC_Cmd)
    ADC_DMACmd                               0x08002f09   Thumb Code    22  stm32f10x_adc.o(i.ADC_DMACmd)
    ADC_GetCalibrationStatus                 0x08002f1f   Thumb Code    20  stm32f10x_adc.o(i.ADC_GetCalibrationStatus)
    ADC_GetResetCalibrationStatus            0x08002f33   Thumb Code    20  stm32f10x_adc.o(i.ADC_GetResetCalibrationStatus)
    ADC_Init                                 0x08002f49   Thumb Code    70  stm32f10x_adc.o(i.ADC_Init)
    ADC_RegularChannelConfig                 0x08002f99   Thumb Code   184  stm32f10x_adc.o(i.ADC_RegularChannelConfig)
    ADC_ResetCalibration                     0x08003051   Thumb Code    10  stm32f10x_adc.o(i.ADC_ResetCalibration)
    ADC_SoftwareStartConvCmd                 0x0800305b   Thumb Code    22  stm32f10x_adc.o(i.ADC_SoftwareStartConvCmd)
    ADC_StartCalibration                     0x08003071   Thumb Code    10  stm32f10x_adc.o(i.ADC_StartCalibration)
    BusFault_Handler                         0x0800307b   Thumb Code     4  main.o(i.BusFault_Handler)
    DMA1_Channel1_IRQHandler                 0x08003081   Thumb Code   188  adc.o(i.DMA1_Channel1_IRQHandler)
    DMA1_Channel4_IRQHandler                 0x08003151   Thumb Code    34  serial.o(i.DMA1_Channel4_IRQHandler)
    DMA_ClearITPendingBit                    0x0800317d   Thumb Code    18  stm32f10x_dma.o(i.DMA_ClearITPendingBit)
    DMA_Cmd                                  0x08003199   Thumb Code    24  stm32f10x_dma.o(i.DMA_Cmd)
    DMA_DeInit                               0x080031b1   Thumb Code   324  stm32f10x_dma.o(i.DMA_DeInit)
    DMA_GetCurrDataCounter                   0x080032fd   Thumb Code     8  stm32f10x_dma.o(i.DMA_GetCurrDataCounter)
    DMA_ITConfig                             0x08003305   Thumb Code    18  stm32f10x_dma.o(i.DMA_ITConfig)
    DMA_Init                                 0x08003317   Thumb Code    60  stm32f10x_dma.o(i.DMA_Init)
    FLASH_ClearFlag                          0x08003355   Thumb Code     6  stm32f10x_flash.o(i.FLASH_ClearFlag)
    FLASH_ErasePage                          0x08003361   Thumb Code    72  stm32f10x_flash.o(i.FLASH_ErasePage)
    FLASH_GetBank1Status                     0x080033ad   Thumb Code    48  stm32f10x_flash.o(i.FLASH_GetBank1Status)
    FLASH_Lock                               0x080033e1   Thumb Code    14  stm32f10x_flash.o(i.FLASH_Lock)
    FLASH_ProgramWord                        0x080033f5   Thumb Code   102  stm32f10x_flash.o(i.FLASH_ProgramWord)
    FLASH_Unlock                             0x08003461   Thumb Code    12  stm32f10x_flash.o(i.FLASH_Unlock)
    FLASH_WaitForLastOperation               0x08003479   Thumb Code    38  stm32f10x_flash.o(i.FLASH_WaitForLastOperation)
    GPIO_Init                                0x0800349f   Thumb Code   278  stm32f10x_gpio.o(i.GPIO_Init)
    GPIO_PinRemapConfig                      0x080035b5   Thumb Code   138  stm32f10x_gpio.o(i.GPIO_PinRemapConfig)
    HardFault_Handler                        0x08003645   Thumb Code     4  main.o(i.HardFault_Handler)
    MemManage_Handler                        0x08003649   Thumb Code     4  main.o(i.MemManage_Handler)
    NVIC_Init                                0x0800364d   Thumb Code   100  misc.o(i.NVIC_Init)
    RCC_ADCCLKConfig                         0x080036e5   Thumb Code    18  stm32f10x_rcc.o(i.RCC_ADCCLKConfig)
    RCC_AHBPeriphClockCmd                    0x080036fd   Thumb Code    26  stm32f10x_rcc.o(i.RCC_AHBPeriphClockCmd)
    RCC_APB1PeriphClockCmd                   0x0800371d   Thumb Code    26  stm32f10x_rcc.o(i.RCC_APB1PeriphClockCmd)
    RCC_APB2PeriphClockCmd                   0x0800373d   Thumb Code    26  stm32f10x_rcc.o(i.RCC_APB2PeriphClockCmd)
    RCC_ClearFlag                            0x0800375d   Thumb Code    14  stm32f10x_rcc.o(i.RCC_ClearFlag)
    RCC_GetClocksFreq                        0x08003771   Thumb Code   192  stm32f10x_rcc.o(i.RCC_GetClocksFreq)
    RCC_GetFlagStatus                        0x08003845   Thumb Code    56  stm32f10x_rcc.o(i.RCC_GetFlagStatus)
    RCC_HSICmd                               0x08003881   Thumb Code     6  stm32f10x_rcc.o(i.RCC_HSICmd)
    SysTick_Handler                          0x08003975   Thumb Code   218  run.o(i.SysTick_Handler)
    SystemInit                               0x08003a95   Thumb Code    78  system_stm32f10x.o(i.SystemInit)
    TIM1_CC_IRQHandler                       0x08003c0d   Thumb Code   104  pwm.o(i.TIM1_CC_IRQHandler)
    TIM_Cmd                                  0x08003c91   Thumb Code    24  stm32f10x_tim.o(i.TIM_Cmd)
    TIM_PWMIConfig                           0x08003ca9   Thumb Code   124  stm32f10x_tim.o(i.TIM_PWMIConfig)
    TIM_SelectInputTrigger                   0x08003d25   Thumb Code    18  stm32f10x_tim.o(i.TIM_SelectInputTrigger)
    TIM_SelectMasterSlaveMode                0x08003d37   Thumb Code    18  stm32f10x_tim.o(i.TIM_SelectMasterSlaveMode)
    TIM_SelectSlaveMode                      0x08003d49   Thumb Code    18  stm32f10x_tim.o(i.TIM_SelectSlaveMode)
    TIM_SetIC1Prescaler                      0x08003d5b   Thumb Code    18  stm32f10x_tim.o(i.TIM_SetIC1Prescaler)
    TIM_SetIC2Prescaler                      0x08003d6d   Thumb Code    26  stm32f10x_tim.o(i.TIM_SetIC2Prescaler)
    TIM_TimeBaseInit                         0x08003d89   Thumb Code   122  stm32f10x_tim.o(i.TIM_TimeBaseInit)
    TIM_TimeBaseStructInit                   0x08003e2d   Thumb Code    18  stm32f10x_tim.o(i.TIM_TimeBaseStructInit)
    USART_Cmd                                0x08003e3f   Thumb Code    24  stm32f10x_usart.o(i.USART_Cmd)
    USART_DMACmd                             0x08003e57   Thumb Code    18  stm32f10x_usart.o(i.USART_DMACmd)
    USART_Init                               0x08003e69   Thumb Code   210  stm32f10x_usart.o(i.USART_Init)
    UsageFault_Handler                       0x08003f41   Thumb Code     4  main.o(i.UsageFault_Handler)
    __ARM_fpclassify                         0x08003f45   Thumb Code    40  fpclassify.o(i.__ARM_fpclassify)
    __mathlib_dbl_overflow                   0x08003f6d   Thumb Code    14  dunder.o(i.__mathlib_dbl_overflow)
    __mathlib_dbl_underflow                  0x08003f7d   Thumb Code    10  dunder.o(i.__mathlib_dbl_underflow)
    __mathlib_narrow                         0x08003f8d   Thumb Code    16  narrow.o(i.__mathlib_narrow)
    __mathlib_tofloat                        0x08003f9d   Thumb Code   132  narrow.o(i.__mathlib_tofloat)
    __support_ldexp                          0x08004025   Thumb Code    22  ldexp.o(i.__support_ldexp)
    _is_digit                                0x0800403b   Thumb Code    14  __printf_wp.o(i._is_digit)
    adcInit                                  0x08004075   Thumb Code   354  adc.o(i.adcInit)
    adcSetConstants                          0x080041f9   Thumb Code    78  adc.o(i.adcSetConstants)
    adcTimerAction                           0x08004265   Thumb Code    34  adc.o(i.adcTimerAction)
    binaryCheck                              0x080042ad   Thumb Code   302  binary.o(i.binaryCheck)
    cliCheck                                 0x080048dd   Thumb Code   368  cli.o(i.cliCheck)
    cliInit                                  0x080056b1   Thumb Code    52  cli.o(i.cliInit)
    cliPrintParam                            0x08005711   Thumb Code    72  cli.o(i.cliPrintParam)
    cliUsage                                 0x080057a1   Thumb Code    36  cli.o(i.cliUsage)
    configGetId                              0x080057d1   Thumb Code    52  config.o(i.configGetId)
    configInit                               0x08005809   Thumb Code    66  config.o(i.configInit)
    configLoadDefault                        0x08005855   Thumb Code   228  config.o(i.configLoadDefault)
    configReadFlash                          0x080059a5   Thumb Code    18  config.o(i.configReadFlash)
    configSetParamByID                       0x080059d5   Thumb Code    32  config.o(i.configSetParamByID)
    configWriteFlash                         0x080059f9   Thumb Code   136  config.o(i.configWriteFlash)
    digitalInit                              0x08005a89   Thumb Code    54  digital.o(i.digitalInit)
    frexp                                    0x08005ac1   Thumb Code    80  frexp.o(i.frexp)
    getBuildNumber                           0x08005b19   Thumb Code     6  getbuildnum.o(i.getBuildNumber)
    ldexp                                    0x08005b1f   Thumb Code   116  ldexp.o(i.ldexp)
    main                                     0x08005b95   Thumb Code   208  main.o(i.main)
    pwmInit                                  0x08005c91   Thumb Code   172  pwm.o(i.pwmInit)
    pwmIsrAllOn                              0x08005d45   Thumb Code    28  pwm.o(i.pwmIsrAllOn)
    pwmNewInput                              0x08005d65   Thumb Code   204  tripod.o(i.pwmNewInput)
    pwmSetConstants                          0x08005e39   Thumb Code   248  pwm.o(i.pwmSetConstants)
    rccInit                                  0x08005fb1   Thumb Code   214  rcc.o(i.rccInit)
    rccReset                                 0x080060b1   Thumb Code    16  rcc.o(i.rccReset)
    rccWriteBkpDr                            0x080060cd   Thumb Code    40  rcc.o(i.rccWriteBkpDr)
    runFeedIWDG                              0x080060fd   Thumb Code     2  run.o(i.runFeedIWDG)
    runIWDGInit                              0x080060ff   Thumb Code     6  run.o(i.runIWDGInit)
    runInit                                  0x08006105   Thumb Code    90  run.o(i.runInit)
    runSetConstants                          0x0800616d   Thumb Code   166  run.o(i.runSetConstants)
    serialAvailable                          0x08006229   Thumb Code    22  serial.o(i.serialAvailable)
    serialInit                               0x08006249   Thumb Code   318  serial.o(i.serialInit)
    serialPrint                              0x080063c9   Thumb Code    22  serial.o(i.serialPrint)
    serialRead                               0x080063e1   Thumb Code    48  serial.o(i.serialRead)
    serialSetConstants                       0x08006415   Thumb Code    72  serial.o(i.serialSetConstants)
    serialStartTxDMA                         0x08006469   Thumb Code    88  serial.o(i.serialStartTxDMA)
    serialWrite                              0x080064c9   Thumb Code    48  serial.o(i.serialWrite)
    sqrtf                                    0x08006501   Thumb Code    44  sqrtf.o(i.sqrtf)
    tripodAdcAction                          0x0800652d   Thumb Code    74  tripod.o(i.tripodAdcAction)
    tripodInit                               0x080065a5   Thumb Code    82  tripod.o(i.tripodInit)
    tripodTimerAction                        0x08006a01   Thumb Code   116  tripod.o(i.tripodTimerAction)
    _get_lc_numeric                          0x08006ac5   Thumb Code    44  lc_numeric_c.o(locale$$code)
    _get_lc_ctype                            0x08006af1   Thumb Code    44  lc_ctype_c.o(locale$$code)
    __aeabi_d2f                              0x08006b1d   Thumb Code     0  d2f.o(x$fpl$d2f)
    _d2f                                     0x08006b1d   Thumb Code    98  d2f.o(x$fpl$d2f)
    __fpl_dcheck_NaN1                        0x08006b81   Thumb Code    10  dcheck1.o(x$fpl$dcheck1)
    __fpl_dcmp_Inf                           0x08006b91   Thumb Code    24  dcmpi.o(x$fpl$dcmpinf)
    __aeabi_cdcmpeq                          0x08006ba9   Thumb Code     0  deqf.o(x$fpl$deqf)
    _dcmpeq                                  0x08006ba9   Thumb Code   120  deqf.o(x$fpl$deqf)
    __aeabi_cdcmple                          0x08006c21   Thumb Code     0  dleqf.o(x$fpl$dleqf)
    _dcmple                                  0x08006c21   Thumb Code   120  dleqf.o(x$fpl$dleqf)
    __fpl_dcmple_InfNaN                      0x08006c83   Thumb Code     0  dleqf.o(x$fpl$dleqf)
    __fpl_dnaninf                            0x08006c99   Thumb Code   156  dnaninf.o(x$fpl$dnaninf)
    __fpl_dretinf                            0x08006d35   Thumb Code    12  dretinf.o(x$fpl$dretinf)
    __aeabi_cdrcmple                         0x08006d41   Thumb Code     0  drleqf.o(x$fpl$drleqf)
    _drcmple                                 0x08006d41   Thumb Code   108  drleqf.o(x$fpl$drleqf)
    __aeabi_f2d                              0x08006dad   Thumb Code     0  f2d.o(x$fpl$f2d)
    _f2d                                     0x08006dad   Thumb Code    86  f2d.o(x$fpl$f2d)
    __aeabi_fadd                             0x08006e05   Thumb Code     0  faddsub_clz.o(x$fpl$fadd)
    _fadd                                    0x08006e05   Thumb Code   196  faddsub_clz.o(x$fpl$fadd)
    __fpl_fcmp_Inf                           0x08006ec9   Thumb Code    24  fcmpi.o(x$fpl$fcmpinf)
    __aeabi_fdiv                             0x08006ee1   Thumb Code     0  fdiv.o(x$fpl$fdiv)
    _fdiv                                    0x08006ee1   Thumb Code   384  fdiv.o(x$fpl$fdiv)
    __aeabi_cfcmpeq                          0x08007065   Thumb Code     0  feqf.o(x$fpl$feqf)
    _fcmpeq                                  0x08007065   Thumb Code   104  feqf.o(x$fpl$feqf)
    __aeabi_f2iz                             0x080070cd   Thumb Code     0  ffix.o(x$fpl$ffix)
    _ffix                                    0x080070cd   Thumb Code    54  ffix.o(x$fpl$ffix)
    __aeabi_f2uiz                            0x08007105   Thumb Code     0  ffixu.o(x$fpl$ffixu)
    _ffixu                                   0x08007105   Thumb Code    62  ffixu.o(x$fpl$ffixu)
    __aeabi_i2f                              0x08007145   Thumb Code     0  fflt_clz.o(x$fpl$fflt)
    _fflt                                    0x08007145   Thumb Code    48  fflt_clz.o(x$fpl$fflt)
    __aeabi_ui2f                             0x08007175   Thumb Code     0  fflt_clz.o(x$fpl$ffltu)
    _ffltu                                   0x08007175   Thumb Code    38  fflt_clz.o(x$fpl$ffltu)
    __aeabi_cfcmple                          0x0800719d   Thumb Code     0  fleqf.o(x$fpl$fleqf)
    _fcmple                                  0x0800719d   Thumb Code   104  fleqf.o(x$fpl$fleqf)
    __fpl_fcmple_InfNaN                      0x080071ef   Thumb Code     0  fleqf.o(x$fpl$fleqf)
    __aeabi_fmul                             0x08007205   Thumb Code     0  fmul.o(x$fpl$fmul)
    _fmul                                    0x08007205   Thumb Code   258  fmul.o(x$fpl$fmul)
    __fpl_fnaninf                            0x08007307   Thumb Code   140  fnaninf.o(x$fpl$fnaninf)
    __fpl_fretinf                            0x08007393   Thumb Code    10  fretinf.o(x$fpl$fretinf)
    __aeabi_cfrcmple                         0x0800739d   Thumb Code     0  frleqf.o(x$fpl$frleqf)
    _frcmple                                 0x0800739d   Thumb Code    98  frleqf.o(x$fpl$frleqf)
    _fsqrt                                   0x08007401   Thumb Code   272  fsqrt.o(x$fpl$fsqrt)
    __aeabi_fsub                             0x08007511   Thumb Code     0  faddsub_clz.o(x$fpl$fsub)
    _fsub                                    0x08007511   Thumb Code   234  faddsub_clz.o(x$fpl$fsub)
    _printf_fp_dec                           0x080075fb   Thumb Code     4  printf1.o(x$fpl$printf1)
    _printf_fp_hex                           0x080075ff   Thumb Code     4  printf2.o(x$fpl$printf2)
    __fpl_return_NaN                         0x08007603   Thumb Code   100  retnan.o(x$fpl$retnan)
    __ARM_scalbn                             0x08007667   Thumb Code    92  scalbn.o(x$fpl$scalbn)
    _scanf_real                              0x080076c3   Thumb Code     4  scanf1.o(x$fpl$scanf1)
    _scanf_hex_real                          0x080076c7   Thumb Code     4  scanf2.o(x$fpl$scanf2)
    _scanf_infnan                            0x080076cb   Thumb Code     4  scanf2.o(x$fpl$scanf2)
    __fpl_cmpreturn                          0x080076cf   Thumb Code    48  trapv.o(x$fpl$trapveneer)
    __I$use$fp                               0x080076fe   Number         0  usenofp.o(x$fpl$usenofp)
    Region$$Table$$Base                      0x08007e00   Number         0  anon$$obj.o(Region$$Table)
    Region$$Table$$Limit                     0x08007e20   Number         0  anon$$obj.o(Region$$Table)
    __aeabi_HUGE_VAL                         0x08007e20   Data           0  fpconst.o(c$$dinf)
    __aeabi_HUGE_VALL                        0x08007e20   Data           0  fpconst.o(c$$dinf)
    __aeabi_INFINITY                         0x08007e20   Data           0  fpconst.o(c$$dinf)
    __dInf                                   0x08007e20   Data           0  fpconst.o(c$$dinf)
    __huge_val                               0x08007e20   Data           0  fpconst.o(c$$dinf)
    __ctype                                  0x08007e51   Data           0  lc_ctype_c.o(locale$$data)
    SystemCoreClock                          0x20000014   Data           4  system_stm32f10x.o(.data)
    AHBPrescTable                            0x20000018   Data          16  system_stm32f10x.o(.data)
    adcToAmps                                0x20000028   Data           4  adc.o(.data)
    adcMaxPeriod                             0x2000002c   Data           4  adc.o(.data)
    histSize                                 0x20000032   Data           2  adc.o(.data)
    avgA                                     0x20000034   Data           4  adc.o(.data)
    avgB                                     0x20000038   Data           4  adc.o(.data)
    avgC                                     0x2000003c   Data           4  adc.o(.data)
    adcAmpsOffset                            0x20000040   Data           4  adc.o(.data)
    adcAvgAmps                               0x20000044   Data           4  adc.o(.data)
    adcMaxAmps                               0x20000048   Data           4  adc.o(.data)
    adcAvgVolts                              0x2000004c   Data           4  adc.o(.data)
    adcVal1                                  0x20000050   Data           4  adc.o(.data)
    adcVal2                                  0x20000054   Data           4  adc.o(.data)
    adcVal1HighX00ms                         0x20000058   Data           4  adc.o(.data)
    adcVal2HighX00ms                         0x2000005c   Data           4  adc.o(.data)
    adcVal1HighFlag                          0x20000060   Data           1  adc.o(.data)
    adcVal2HighFlag                          0x20000061   Data           1  adc.o(.data)
    detectedCrossing                         0x20000068   Data           4  adc.o(.data)
    crossingPeriod                           0x2000006c   Data           4  adc.o(.data)
    adcCrossingPeriod                        0x20000070   Data           4  adc.o(.data)
    configParameterStrings                   0x200000dc   Data         192  config.o(.data)
    configFormatStrings                      0x2000019c   Data         192  config.o(.data)
    errorLed                                 0x2000025c   Data           4  main.o(.data)
    statusLed                                0x20000260   Data           4  main.o(.data)
    tp                                       0x20000264   Data           4  main.o(.data)
    minCycles                                0x20000268   Data           4  main.o(.data)
    idleCounter                              0x2000026c   Data           4  main.o(.data)
    totalCycles                              0x20000270   Data           4  main.o(.data)
    state                                    0x20000274   Data           1  main.o(.data)
    inputMode                                0x20000275   Data           1  main.o(.data)
    tripodState                              0x20000276   Data           1  main.o(.data)
    pwmMinValue                              0x2000027c   Data           2  pwm.o(.data)
    pwmLoValue                               0x20000280   Data           2  pwm.o(.data)
    pwmHiValue                               0x20000282   Data           2  pwm.o(.data)
    pwmMinStart                              0x20000284   Data           2  pwm.o(.data)
    pwmValidMicros                           0x20000288   Data           4  pwm.o(.data)
    runMilis                                 0x2000028c   Data           4  run.o(.data)
    idlePercent                              0x20000294   Data           4  run.o(.data)
    avgAmps                                  0x20000298   Data           4  run.o(.data)
    maxAmps                                  0x2000029c   Data           4  run.o(.data)
    avgVolts                                 0x200002a0   Data           4  run.o(.data)
    rpm                                      0x200002a4   Data           4  run.o(.data)
    targetRpm                                0x200002a8   Data           4  run.o(.data)
    disarmReason                             0x200002b4   Data           1  run.o(.data)
    commandMode                              0x200002b5   Data           1  run.o(.data)
    runMode                                  0x200002b7   Data           1  run.o(.data)
    currentIState                            0x200002bc   Data           4  run.o(.data)
    m2Out1                                   0x200002c0   Data           4  tripod.o(.data)
    m2Out2                                   0x200002c4   Data           4  tripod.o(.data)
    m1Out1                                   0x200002c8   Data           4  tripod.o(.data)
    m1Out2                                   0x200002cc   Data           4  tripod.o(.data)
    version                                  0x20000497   Data          16  cli.o(.bss)
    p                                        0x20000508   Data         192  config.o(.bss)
    printBuf                                 0x200005c8   Data          64  main.o(.bss)
    serialPort                               0x20000608   Data        4372  serial.o(.bss)
    __libspace_start                         0x2000171c   Data          96  libspace.o(.bss)
    __temporary_stack_top$libspace           0x2000177c   Data           0  libspace.o(.bss)



==============================================================================

Memory Map of the image

  Image Entry point : 0x080000ed

  Load Region LR_IROM1 (Base: 0x08000000, Size: 0x0000823c, Max: 0x00010000, ABSOLUTE, COMPRESSED[0x0000807c])

    Execution Region ER_IROM1 (Base: 0x08000000, Size: 0x00007f54, Max: 0x00010000, ABSOLUTE)

    Base Addr    Size         Type   Attr      Idx    E Section Name        Object

    0x08000000   0x000000ec   Data   RO         1779    RESET               startup_stm32f10x_md.o
    0x080000ec   0x00000008   Code   RO         2719  * !!!main             c_w.l(__main.o)
    0x080000f4   0x00000034   Code   RO         3222    !!!scatter          c_w.l(__scatter.o)
    0x08000128   0x0000005a   Code   RO         3220    !!dczerorl2         c_w.l(__dczerorl2.o)
    0x08000182   0x00000002   PAD
    0x08000184   0x0000001c   Code   RO         3224    !!handler_zi        c_w.l(__scatter_zi.o)
    0x080001a0   0x00000000   Code   RO         2697    .ARM.Collect$$_printf_percent$$00000000  c_w.l(_printf_percent.o)
    0x080001a0   0x00000006   Code   RO         2686    .ARM.Collect$$_printf_percent$$00000001  c_w.l(_printf_n.o)
    0x080001a6   0x00000006   Code   RO         2688    .ARM.Collect$$_printf_percent$$00000002  c_w.l(_printf_p.o)
    0x080001ac   0x00000006   Code   RO         2693    .ARM.Collect$$_printf_percent$$00000003  c_w.l(_printf_f.o)
    0x080001b2   0x00000006   Code   RO         2694    .ARM.Collect$$_printf_percent$$00000004  c_w.l(_printf_e.o)
    0x080001b8   0x00000006   Code   RO         2695    .ARM.Collect$$_printf_percent$$00000005  c_w.l(_printf_g.o)
    0x080001be   0x00000006   Code   RO         2696    .ARM.Collect$$_printf_percent$$00000006  c_w.l(_printf_a.o)
    0x080001c4   0x00000006   Code   RO         2690    .ARM.Collect$$_printf_percent$$00000008  c_w.l(_printf_i.o)
    0x080001ca   0x00000006   Code   RO         2691    .ARM.Collect$$_printf_percent$$00000009  c_w.l(_printf_d.o)
    0x080001d0   0x00000006   Code   RO         2692    .ARM.Collect$$_printf_percent$$0000000A  c_w.l(_printf_u.o)
    0x080001d6   0x00000006   Code   RO         2689    .ARM.Collect$$_printf_percent$$0000000B  c_w.l(_printf_o.o)
    0x080001dc   0x00000006   Code   RO         2687    .ARM.Collect$$_printf_percent$$0000000C  c_w.l(_printf_x.o)
    0x080001e2   0x0000000a   Code   RO         2854    .ARM.Collect$$_printf_percent$$00000012  c_w.l(_printf_l.o)
    0x080001ec   0x00000006   Code   RO         2684    .ARM.Collect$$_printf_percent$$00000013  c_w.l(_printf_c.o)
    0x080001f2   0x00000006   Code   RO         2685    .ARM.Collect$$_printf_percent$$00000014  c_w.l(_printf_s.o)
    0x080001f8   0x00000006   Code   RO         2698    .ARM.Collect$$_printf_percent$$00000015  c_w.l(_printf_lc.o)
    0x080001fe   0x00000004   Code   RO         2853    .ARM.Collect$$_printf_percent$$00000017  c_w.l(_printf_percent_end.o)
    0x08000202   0x00000002   Code   RO         3086    .ARM.Collect$$libinit$$00000000  c_w.l(libinit.o)
    0x08000204   0x00000000   Code   RO         2983    .ARM.Collect$$libinit$$00000002  c_w.l(libinit2.o)
    0x08000204   0x00000000   Code   RO         2985    .ARM.Collect$$libinit$$00000004  c_w.l(libinit2.o)
    0x08000204   0x00000008   Code   RO         2986    .ARM.Collect$$libinit$$00000005  c_w.l(libinit2.o)
    0x0800020c   0x00000000   Code   RO         2988    .ARM.Collect$$libinit$$0000000A  c_w.l(libinit2.o)
    0x0800020c   0x00000000   Code   RO         2990    .ARM.Collect$$libinit$$0000000C  c_w.l(libinit2.o)
    0x0800020c   0x00000000   Code   RO         2992    .ARM.Collect$$libinit$$0000000E  c_w.l(libinit2.o)
    0x0800020c   0x00000006   Code   RO         2993    .ARM.Collect$$libinit$$0000000F  c_w.l(libinit2.o)
    0x08000212   0x00000000   Code   RO         2995    .ARM.Collect$$libinit$$00000011  c_w.l(libinit2.o)
    0x08000212   0x0000000c   Code   RO         2996    .ARM.Collect$$libinit$$00000012  c_w.l(libinit2.o)
    0x0800021e   0x00000000   Code   RO         2997    .ARM.Collect$$libinit$$00000013  c_w.l(libinit2.o)
    0x0800021e   0x00000000   Code   RO         2999    .ARM.Collect$$libinit$$00000015  c_w.l(libinit2.o)
    0x0800021e   0x0000000a   Code   RO         3000    .ARM.Collect$$libinit$$00000016  c_w.l(libinit2.o)
    0x08000228   0x00000000   Code   RO         3001    .ARM.Collect$$libinit$$00000017  c_w.l(libinit2.o)
    0x08000228   0x00000000   Code   RO         3003    .ARM.Collect$$libinit$$00000019  c_w.l(libinit2.o)
    0x08000228   0x00000000   Code   RO         3005    .ARM.Collect$$libinit$$0000001B  c_w.l(libinit2.o)
    0x08000228   0x00000000   Code   RO         3007    .ARM.Collect$$libinit$$0000001D  c_w.l(libinit2.o)
    0x08000228   0x00000000   Code   RO         3009    .ARM.Collect$$libinit$$0000001F  c_w.l(libinit2.o)
    0x08000228   0x00000000   Code   RO         3011    .ARM.Collect$$libinit$$00000021  c_w.l(libinit2.o)
    0x08000228   0x00000000   Code   RO         3013    .ARM.Collect$$libinit$$00000023  c_w.l(libinit2.o)
    0x08000228   0x00000000   Code   RO         3015    .ARM.Collect$$libinit$$00000025  c_w.l(libinit2.o)
    0x08000228   0x00000000   Code   RO         3019    .ARM.Collect$$libinit$$0000002C  c_w.l(libinit2.o)
    0x08000228   0x00000000   Code   RO         3021    .ARM.Collect$$libinit$$0000002E  c_w.l(libinit2.o)
    0x08000228   0x00000000   Code   RO         3023    .ARM.Collect$$libinit$$00000030  c_w.l(libinit2.o)
    0x08000228   0x00000000   Code   RO         3025    .ARM.Collect$$libinit$$00000032  c_w.l(libinit2.o)
    0x08000228   0x00000002   Code   RO         3026    .ARM.Collect$$libinit$$00000033  c_w.l(libinit2.o)
    0x0800022a   0x00000002   Code   RO         3185    .ARM.Collect$$libshutdown$$00000000  c_w.l(libshutdown.o)
    0x0800022c   0x00000000   Code   RO         3149    .ARM.Collect$$libshutdown$$00000003  c_w.l(libshutdown2.o)
    0x0800022c   0x00000000   Code   RO         3152    .ARM.Collect$$libshutdown$$00000006  c_w.l(libshutdown2.o)
    0x0800022c   0x00000000   Code   RO         3155    .ARM.Collect$$libshutdown$$00000009  c_w.l(libshutdown2.o)
    0x0800022c   0x00000000   Code   RO         3157    .ARM.Collect$$libshutdown$$0000000B  c_w.l(libshutdown2.o)
    0x0800022c   0x00000000   Code   RO         3160    .ARM.Collect$$libshutdown$$0000000E  c_w.l(libshutdown2.o)
    0x0800022c   0x00000002   Code   RO         3161    .ARM.Collect$$libshutdown$$0000000F  c_w.l(libshutdown2.o)
    0x0800022e   0x00000000   Code   RO         2777    .ARM.Collect$$rtentry$$00000000  c_w.l(__rtentry.o)
    0x0800022e   0x00000000   Code   RO         2885    .ARM.Collect$$rtentry$$00000002  c_w.l(__rtentry2.o)
    0x0800022e   0x00000006   Code   RO         2897    .ARM.Collect$$rtentry$$00000004  c_w.l(__rtentry4.o)
    0x08000234   0x00000000   Code   RO         2887    .ARM.Collect$$rtentry$$00000009  c_w.l(__rtentry2.o)
    0x08000234   0x00000004   Code   RO         2888    .ARM.Collect$$rtentry$$0000000A  c_w.l(__rtentry2.o)
    0x08000238   0x00000000   Code   RO         2890    .ARM.Collect$$rtentry$$0000000C  c_w.l(__rtentry2.o)
    0x08000238   0x00000008   Code   RO         2891    .ARM.Collect$$rtentry$$0000000D  c_w.l(__rtentry2.o)
    0x08000240   0x00000002   Code   RO         3100    .ARM.Collect$$rtexit$$00000000  c_w.l(rtexit.o)
    0x08000242   0x00000000   Code   RO         3133    .ARM.Collect$$rtexit$$00000002  c_w.l(rtexit2.o)
    0x08000242   0x00000004   Code   RO         3134    .ARM.Collect$$rtexit$$00000003  c_w.l(rtexit2.o)
    0x08000246   0x00000006   Code   RO         3135    .ARM.Collect$$rtexit$$00000004  c_w.l(rtexit2.o)
    0x0800024c   0x0000000c   Code   RO         2214    .emb_text           main.o
    0x08000258   0x00000010   Code   RO         2368    .emb_text           rcc.o
    0x08000268   0x00000000   Code   RO         3055    .emb_text           c_w.l(maybetermalloc1.o)
    0x08000268   0x00000040   Code   RO         1780    .text               startup_stm32f10x_md.o
    0x080002a8   0x00000028   Code   RO         2616    .text               c_w.l(calloc.o)
    0x080002d0   0x00000028   Code   RO         2620    .text               c_w.l(noretval__2sprintf.o)
    0x080002f8   0x0000004e   Code   RO         2624    .text               c_w.l(_printf_pad.o)
    0x08000346   0x00000024   Code   RO         2626    .text               c_w.l(_printf_truncate.o)
    0x0800036a   0x00000052   Code   RO         2628    .text               c_w.l(_printf_str.o)
    0x080003bc   0x00000078   Code   RO         2630    .text               c_w.l(_printf_dec.o)
    0x08000434   0x00000028   Code   RO         2632    .text               c_w.l(_printf_charcount.o)
    0x0800045c   0x000000bc   Code   RO         2634    .text               c_w.l(_printf_wctomb.o)
    0x08000518   0x00000054   Code   RO         2639    .text               c_w.l(_printf_oct_int.o)
    0x0800056c   0x0000007c   Code   RO         2655    .text               c_w.l(_printf_hex_int_ptr.o)
    0x080005e8   0x00000188   Code   RO         2681    .text               c_w.l(__printf_flags_ss_wp.o)
    0x08000770   0x0000003c   Code   RO         2699    .text               c_w.l(__0sscanf.o)
    0x080007ac   0x0000014c   Code   RO         2701    .text               c_w.l(_scanf_int.o)
    0x080008f8   0x000000e0   Code   RO         2703    .text               c_w.l(_scanf_str.o)
    0x080009d8   0x00000050   Code   RO         2705    .text               c_w.l(bsearchnoex.o)
    0x08000a28   0x00000032   Code   RO         2707    .text               c_w.l(strncasecmp.o)
    0x08000a5a   0x0000002a   Code   RO         2709    .text               c_w.l(strcasecmp.o)
    0x08000a84   0x0000003e   Code   RO         2711    .text               c_w.l(strlen.o)
    0x08000ac2   0x00000064   Code   RO         2713    .text               c_w.l(rt_memcpy_w.o)
    0x08000b26   0x00000044   Code   RO         2715    .text               c_w.l(rt_memclr.o)
    0x08000b6a   0x00000006   Code   RO         2717    .text               c_w.l(heapauxi.o)
    0x08000b70   0x0000005e   Code   RO         2780    .text               c_w.l(h1_alloc.o)
    0x08000bce   0x00000016   Code   RO         2834    .text               c_w.l(_rserrno.o)
    0x08000be4   0x0000001a   Code   RO         2836    .text               c_w.l(tolower.o)
    0x08000bfe   0x000000b2   Code   RO         2838    .text               c_w.l(_printf_intcommon.o)
    0x08000cb0   0x0000041a   Code   RO         2840    .text               c_w.l(_printf_fp_dec.o)
    0x080010ca   0x00000002   PAD
    0x080010cc   0x000002fc   Code   RO         2842    .text               c_w.l(_printf_fp_hex.o)
    0x080013c8   0x00000030   Code   RO         2845    .text               c_w.l(_printf_char_common.o)
    0x080013f8   0x0000000a   Code   RO         2847    .text               c_w.l(_sputc.o)
    0x08001402   0x0000002c   Code   RO         2849    .text               c_w.l(_printf_char.o)
    0x0800142e   0x0000002c   Code   RO         2851    .text               c_w.l(_printf_wchar.o)
    0x0800145a   0x0000001c   Code   RO         2855    .text               c_w.l(_chval.o)
    0x08001476   0x00000002   PAD
    0x08001478   0x000004a4   Code   RO         2857    .text               c_w.l(scanf_fp.o)
    0x0800191c   0x0000002c   Code   RO         2859    .text               c_w.l(scanf_char.o)
    0x08001948   0x00000040   Code   RO         2861    .text               c_w.l(_sgetc.o)
    0x08001988   0x00000040   Code   RO         2863    .text               c_w.l(_wcrtomb.o)
    0x080019c8   0x0000004e   Code   RO         2865    .text               c_w.l(rt_memclr_w.o)
    0x08001a16   0x00000002   PAD
    0x08001a18   0x00000010   Code   RO         2899    .text               c_w.l(rt_ctype_table.o)
    0x08001a28   0x00000008   Code   RO         2904    .text               c_w.l(rt_heap_descriptor_intlibspace.o)
    0x08001a30   0x00000008   Code   RO         2909    .text               c_w.l(rt_locale_intlibspace.o)
    0x08001a38   0x00000008   Code   RO         2914    .text               c_w.l(rt_errno_addr_intlibspace.o)
    0x08001a40   0x00000004   Code   RO         2916    .text               c_w.l(hguard.o)
    0x08001a44   0x0000008a   Code   RO         2918    .text               c_w.l(init_alloc.o)
    0x08001ace   0x0000000e   Code   RO         2924    .text               c_w.l(h1_init.o)
    0x08001adc   0x0000004e   Code   RO         2926    .text               c_w.l(h1_free.o)
    0x08001b2a   0x0000008a   Code   RO         2942    .text               c_w.l(lludiv10.o)
    0x08001bb4   0x00000012   Code   RO         2944    .text               c_w.l(isspace.o)
    0x08001bc6   0x00000002   PAD
    0x08001bc8   0x00000080   Code   RO         2946    .text               c_w.l(_printf_fp_infnan.o)
    0x08001c48   0x00000374   Code   RO         2950    .text               c_w.l(_scanf.o)
    0x08001fbc   0x000000dc   Code   RO         2952    .text               c_w.l(bigflt0.o)
    0x08002098   0x00000008   Code   RO         3048    .text               c_w.l(libspace.o)
    0x080020a0   0x0000004a   Code   RO         3051    .text               c_w.l(sys_stackheap_outer.o)
    0x080020ea   0x00000034   Code   RO         3057    .text               c_w.l(h1_extend.o)
    0x0800211e   0x00000002   PAD
    0x08002120   0x00000318   Code   RO         3061    .text               c_w.l(scanf_hexfp.o)
    0x08002438   0x00000134   Code   RO         3063    .text               c_w.l(scanf_infnan.o)
    0x0800256c   0x0000000c   Code   RO         3068    .text               c_w.l(exit.o)
    0x08002578   0x0000000e   Code   RO         3070    .text               c_w.l(defsig_rtmem_outer.o)
    0x08002586   0x00000002   PAD
    0x08002588   0x00000080   Code   RO         3074    .text               c_w.l(strcmpv7m.o)
    0x08002608   0x00000002   Code   RO         3097    .text               c_w.l(use_no_semi.o)
    0x0800260a   0x00000000   Code   RO         3099    .text               c_w.l(indicate_semi.o)
    0x0800260a   0x00000026   Code   RO         3106    .text               c_w.l(llshl.o)
    0x08002630   0x0000000a   Code   RO         3108    .text               c_w.l(defsig_exit.o)
    0x0800263a   0x00000002   PAD
    0x0800263c   0x00000050   Code   RO         3110    .text               c_w.l(defsig_rtmem_inner.o)
    0x0800268c   0x0000000c   Code   RO         3130    .text               c_w.l(sys_exit.o)
    0x08002698   0x00000032   Code   RO         3145    .text               c_w.l(defsig_general.o)
    0x080026ca   0x0000000e   Code   RO         3179    .text               c_w.l(sys_wrch.o)
    0x080026d8   0x0000003e   Code   RO         2955    CL$$btod_d2e        c_w.l(btod.o)
    0x08002716   0x00000046   Code   RO         2957    CL$$btod_d2e_denorm_low  c_w.l(btod.o)
    0x0800275c   0x00000060   Code   RO         2956    CL$$btod_d2e_norm_op1  c_w.l(btod.o)
    0x080027bc   0x00000338   Code   RO         2965    CL$$btod_div_common  c_w.l(btod.o)
    0x08002af4   0x00000054   Code   RO         2963    CL$$btod_e2d        c_w.l(btod.o)
    0x08002b48   0x000000c6   Code   RO         2962    CL$$btod_e2e        c_w.l(btod.o)
    0x08002c0e   0x00000028   Code   RO         2959    CL$$btod_ediv       c_w.l(btod.o)
    0x08002c36   0x00000028   Code   RO         2961    CL$$btod_edivd      c_w.l(btod.o)
    0x08002c5e   0x00000028   Code   RO         2958    CL$$btod_emul       c_w.l(btod.o)
    0x08002c86   0x00000028   Code   RO         2960    CL$$btod_emuld      c_w.l(btod.o)
    0x08002cae   0x00000244   Code   RO         2964    CL$$btod_mult_common  c_w.l(btod.o)
    0x08002ef2   0x00000016   Code   RO            7    i.ADC_Cmd           stm32f10x_adc.o
    0x08002f08   0x00000016   Code   RO            8    i.ADC_DMACmd        stm32f10x_adc.o
    0x08002f1e   0x00000014   Code   RO           15    i.ADC_GetCalibrationStatus  stm32f10x_adc.o
    0x08002f32   0x00000014   Code   RO           21    i.ADC_GetResetCalibrationStatus  stm32f10x_adc.o
    0x08002f46   0x00000002   PAD
    0x08002f48   0x00000050   Code   RO           25    i.ADC_Init          stm32f10x_adc.o
    0x08002f98   0x000000b8   Code   RO           29    i.ADC_RegularChannelConfig  stm32f10x_adc.o
    0x08003050   0x0000000a   Code   RO           30    i.ADC_ResetCalibration  stm32f10x_adc.o
    0x0800305a   0x00000016   Code   RO           32    i.ADC_SoftwareStartConvCmd  stm32f10x_adc.o
    0x08003070   0x0000000a   Code   RO           34    i.ADC_StartCalibration  stm32f10x_adc.o
    0x0800307a   0x00000004   Code   RO         2215    i.BusFault_Handler  main.o
    0x0800307e   0x00000002   PAD
    0x08003080   0x000000d0   Code   RO         1785    i.DMA1_Channel1_IRQHandler  adc.o
    0x08003150   0x0000002c   Code   RO         2471    i.DMA1_Channel4_IRQHandler  serial.o
    0x0800317c   0x0000001c   Code   RO          279    i.DMA_ClearITPendingBit  stm32f10x_dma.o
    0x08003198   0x00000018   Code   RO          280    i.DMA_Cmd           stm32f10x_dma.o
    0x080031b0   0x0000014c   Code   RO          281    i.DMA_DeInit        stm32f10x_dma.o
    0x080032fc   0x00000008   Code   RO          282    i.DMA_GetCurrDataCounter  stm32f10x_dma.o
    0x08003304   0x00000012   Code   RO          285    i.DMA_ITConfig      stm32f10x_dma.o
    0x08003316   0x0000003c   Code   RO          286    i.DMA_Init          stm32f10x_dma.o
    0x08003352   0x00000002   PAD
    0x08003354   0x0000000c   Code   RO          410    i.FLASH_ClearFlag   stm32f10x_flash.o
    0x08003360   0x0000004c   Code   RO          415    i.FLASH_ErasePage   stm32f10x_flash.o
    0x080033ac   0x00000034   Code   RO          416    i.FLASH_GetBank1Status  stm32f10x_flash.o
    0x080033e0   0x00000014   Code   RO          425    i.FLASH_Lock        stm32f10x_flash.o
    0x080033f4   0x0000006c   Code   RO          430    i.FLASH_ProgramWord  stm32f10x_flash.o
    0x08003460   0x00000018   Code   RO          433    i.FLASH_Unlock      stm32f10x_flash.o
    0x08003478   0x00000026   Code   RO          437    i.FLASH_WaitForLastOperation  stm32f10x_flash.o
    0x0800349e   0x00000116   Code   RO          593    i.GPIO_Init         stm32f10x_gpio.o
    0x080035b4   0x00000090   Code   RO          595    i.GPIO_PinRemapConfig  stm32f10x_gpio.o
    0x08003644   0x00000004   Code   RO         2216    i.HardFault_Handler  main.o
    0x08003648   0x00000004   Code   RO         2217    i.MemManage_Handler  main.o
    0x0800364c   0x00000070   Code   RO         2279    i.NVIC_Init         misc.o
    0x080036bc   0x00000028   Code   RO         2410    i.NVIC_SetPriority  run.o
    0x080036e4   0x00000018   Code   RO          809    i.RCC_ADCCLKConfig  stm32f10x_rcc.o
    0x080036fc   0x00000020   Code   RO          810    i.RCC_AHBPeriphClockCmd  stm32f10x_rcc.o
    0x0800371c   0x00000020   Code   RO          811    i.RCC_APB1PeriphClockCmd  stm32f10x_rcc.o
    0x0800373c   0x00000020   Code   RO          813    i.RCC_APB2PeriphClockCmd  stm32f10x_rcc.o
    0x0800375c   0x00000014   Code   RO          817    i.RCC_ClearFlag     stm32f10x_rcc.o
    0x08003770   0x000000d4   Code   RO          821    i.RCC_GetClocksFreq  stm32f10x_rcc.o
    0x08003844   0x0000003c   Code   RO          822    i.RCC_GetFlagStatus  stm32f10x_rcc.o
    0x08003880   0x0000000c   Code   RO          827    i.RCC_HSICmd        stm32f10x_rcc.o
    0x0800388c   0x00000008   Code   RO         1743    i.SetSysClock       system_stm32f10x.o
    0x08003894   0x000000e0   Code   RO         1744    i.SetSysClockTo72   system_stm32f10x.o
    0x08003974   0x00000120   Code   RO         2411    i.SysTick_Handler   run.o
    0x08003a94   0x00000060   Code   RO         1746    i.SystemInit        system_stm32f10x.o
    0x08003af4   0x00000080   Code   RO         1009    i.TI1_Config        stm32f10x_tim.o
    0x08003b74   0x00000098   Code   RO         1010    i.TI2_Config        stm32f10x_tim.o
    0x08003c0c   0x00000084   Code   RO         2315    i.TIM1_CC_IRQHandler  pwm.o
    0x08003c90   0x00000018   Code   RO         1025    i.TIM_Cmd           stm32f10x_tim.o
    0x08003ca8   0x0000007c   Code   RO         1073    i.TIM_PWMIConfig    stm32f10x_tim.o
    0x08003d24   0x00000012   Code   RO         1078    i.TIM_SelectInputTrigger  stm32f10x_tim.o
    0x08003d36   0x00000012   Code   RO         1079    i.TIM_SelectMasterSlaveMode  stm32f10x_tim.o
    0x08003d48   0x00000012   Code   RO         1083    i.TIM_SelectSlaveMode  stm32f10x_tim.o
    0x08003d5a   0x00000012   Code   RO         1091    i.TIM_SetIC1Prescaler  stm32f10x_tim.o
    0x08003d6c   0x0000001a   Code   RO         1092    i.TIM_SetIC2Prescaler  stm32f10x_tim.o
    0x08003d86   0x00000002   PAD
    0x08003d88   0x000000a4   Code   RO         1096    i.TIM_TimeBaseInit  stm32f10x_tim.o
    0x08003e2c   0x00000012   Code   RO         1097    i.TIM_TimeBaseStructInit  stm32f10x_tim.o
    0x08003e3e   0x00000018   Code   RO         1564    i.USART_Cmd         stm32f10x_usart.o
    0x08003e56   0x00000012   Code   RO         1565    i.USART_DMACmd      stm32f10x_usart.o
    0x08003e68   0x000000d8   Code   RO         1571    i.USART_Init        stm32f10x_usart.o
    0x08003f40   0x00000004   Code   RO         2218    i.UsageFault_Handler  main.o
    0x08003f44   0x00000028   Code   RO         3038    i.__ARM_fpclassify  m_ws.l(fpclassify.o)
    0x08003f6c   0x0000000e   Code   RO         3168    i.__mathlib_dbl_overflow  m_ws.l(dunder.o)
    0x08003f7a   0x00000002   PAD
    0x08003f7c   0x00000010   Code   RO         3170    i.__mathlib_dbl_underflow  m_ws.l(dunder.o)
    0x08003f8c   0x00000010   Code   RO         3040    i.__mathlib_narrow  m_ws.l(narrow.o)
    0x08003f9c   0x00000088   Code   RO         3041    i.__mathlib_tofloat  m_ws.l(narrow.o)
    0x08004024   0x00000016   Code   RO         3119    i.__support_ldexp   m_ws.l(ldexp.o)
    0x0800403a   0x0000000e   Code   RO         2674    i._is_digit         c_w.l(__printf_wp.o)
    0x08004048   0x0000002a   Code   RO         1786    i.adcCalibrateADC   adc.o
    0x08004072   0x00000002   PAD
    0x08004074   0x00000184   Code   RO         1787    i.adcInit           adc.o
    0x080041f8   0x0000006c   Code   RO         1788    i.adcSetConstants   adc.o
    0x08004264   0x00000034   Code   RO         1789    i.adcTimerAction    adc.o
    0x08004298   0x00000014   Code   RO         1853    i.binaryAck         binary.o
    0x080042ac   0x0000016c   Code   RO         1854    i.binaryCheck       binary.o
    0x08004418   0x00000258   Code   RO         1855    i.binaryCommandParse  binary.o
    0x08004670   0x000000e0   Code   RO         1856    i.binaryCommandRead  binary.o
    0x08004750   0x00000030   Code   RO         1857    i.binaryGetChar     binary.o
    0x08004780   0x00000014   Code   RO         1858    i.binaryNack        binary.o
    0x08004794   0x00000080   Code   RO         1859    i.binaryProcessAck  binary.o
    0x08004814   0x0000002c   Code   RO         1860    i.binarySendChar    binary.o
    0x08004840   0x0000001a   Code   RO         1861    i.binarySendFloat   binary.o
    0x0800485a   0x0000001a   Code   RO         1862    i.binarySendShort   binary.o
    0x08004874   0x00000068   Code   RO         1863    i.binaryTelemSend   binary.o
    0x080048dc   0x000001cc   Code   RO         1932    i.cliCheck          cli.o
    0x08004aa8   0x00000022   Code   RO         1933    i.cliCommandComp    cli.o
    0x08004aca   0x00000002   PAD
    0x08004acc   0x0000002c   Code   RO         1934    i.cliCommandGet     cli.o
    0x08004af8   0x00000054   Code   RO         1935    i.cliFuncArm        cli.o
    0x08004b4c   0x000000c4   Code   RO         1936    i.cliFuncBeep       cli.o
    0x08004c10   0x00000060   Code   RO         1937    i.cliFuncBinary     cli.o
    0x08004c70   0x00000064   Code   RO         1938    i.cliFuncBoot       cli.o
    0x08004cd4   0x0000004c   Code   RO         1939    i.cliFuncChangeInput  cli.o
    0x08004d20   0x00000114   Code   RO         1940    i.cliFuncConfig     cli.o
    0x08004e34   0x00000024   Code   RO         1941    i.cliFuncDisarm     cli.o
    0x08004e58   0x0000003c   Code   RO         1942    i.cliFuncDuty       cli.o
    0x08004e94   0x00000064   Code   RO         1943    i.cliFuncHelp       cli.o
    0x08004ef8   0x00000060   Code   RO         1944    i.cliFuncInput      cli.o
    0x08004f58   0x000000a0   Code   RO         1945    i.cliFuncMode       cli.o
    0x08004ff8   0x000000ac   Code   RO         1946    i.cliFuncPos        cli.o
    0x080050a4   0x000000dc   Code   RO         1947    i.cliFuncPwm        cli.o
    0x08005180   0x00000110   Code   RO         1948    i.cliFuncRpm        cli.o
    0x08005290   0x000000e4   Code   RO         1949    i.cliFuncSet        cli.o
    0x08005374   0x00000074   Code   RO         1950    i.cliFuncStart      cli.o
    0x080053e8   0x000001c4   Code   RO         1951    i.cliFuncStatus     cli.o
    0x080055ac   0x00000040   Code   RO         1952    i.cliFuncStop       cli.o
    0x080055ec   0x00000094   Code   RO         1953    i.cliFuncTelemetry  cli.o
    0x08005680   0x00000030   Code   RO         1954    i.cliFuncVer        cli.o
    0x080056b0   0x00000060   Code   RO         1955    i.cliInit           cli.o
    0x08005710   0x00000068   Code   RO         1956    i.cliPrintParam     cli.o
    0x08005778   0x00000028   Code   RO         1957    i.cliPrompt         cli.o
    0x080057a0   0x00000030   Code   RO         1958    i.cliUsage          cli.o
    0x080057d0   0x00000038   Code   RO         2110    i.configGetId       config.o
    0x08005808   0x0000004c   Code   RO         2111    i.configInit        config.o
    0x08005854   0x00000150   Code   RO         2112    i.configLoadDefault  config.o
    0x080059a4   0x0000001c   Code   RO         2113    i.configReadFlash   config.o
    0x080059c0   0x00000014   Code   RO         2114    i.configRecalcConst  config.o
    0x080059d4   0x00000024   Code   RO         2116    i.configSetParamByID  config.o
    0x080059f8   0x00000090   Code   RO         2117    i.configWriteFlash  config.o
    0x08005a88   0x00000036   Code   RO         2178    i.digitalInit       digital.o
    0x08005abe   0x00000002   PAD
    0x08005ac0   0x00000058   Code   RO         3094    i.frexp             m_ws.l(frexp.o)
    0x08005b18   0x00000006   Code   RO         2199    i.getBuildNumber    getbuildnum.o
    0x08005b1e   0x00000074   Code   RO         3120    i.ldexp             m_ws.l(ldexp.o)
    0x08005b92   0x00000002   PAD
    0x08005b94   0x000000fc   Code   RO         2219    i.main              main.o
    0x08005c90   0x000000b4   Code   RO         2316    i.pwmInit           pwm.o
    0x08005d44   0x00000020   Code   RO         2318    i.pwmIsrAllOn       pwm.o
    0x08005d64   0x000000d4   Code   RO         2537    i.pwmNewInput       tripod.o
    0x08005e38   0x00000120   Code   RO         2320    i.pwmSetConstants   pwm.o
    0x08005f58   0x00000058   Code   RO         2369    i.rccBootLoader     rcc.o
    0x08005fb0   0x000000ec   Code   RO         2370    i.rccInit           rcc.o
    0x0800609c   0x00000014   Code   RO         2371    i.rccReadBkpDr      rcc.o
    0x080060b0   0x0000001c   Code   RO         2372    i.rccReset          rcc.o
    0x080060cc   0x00000030   Code   RO         2373    i.rccWriteBkpDr     rcc.o
    0x080060fc   0x00000002   Code   RO         2412    i.runFeedIWDG       run.o
    0x080060fe   0x00000006   Code   RO         2413    i.runIWDGInit       run.o
    0x08006104   0x00000068   Code   RO         2414    i.runInit           run.o
    0x0800616c   0x000000bc   Code   RO         2415    i.runSetConstants   run.o
    0x08006228   0x00000020   Code   RO         2472    i.serialAvailable   serial.o
    0x08006248   0x00000154   Code   RO         2473    i.serialInit        serial.o
    0x0800639c   0x0000002c   Code   RO         2474    i.serialOpenPort    serial.o
    0x080063c8   0x00000016   Code   RO         2475    i.serialPrint       serial.o
    0x080063de   0x00000002   PAD
    0x080063e0   0x00000034   Code   RO         2476    i.serialRead        serial.o
    0x08006414   0x00000054   Code   RO         2477    i.serialSetConstants  serial.o
    0x08006468   0x00000060   Code   RO         2478    i.serialStartTxDMA  serial.o
    0x080064c8   0x00000038   Code   RO         2479    i.serialWrite       serial.o
    0x08006500   0x0000002c   Code   RO         2770    i.sqrtf             m_ws.l(sqrtf.o)
    0x0800652c   0x00000078   Code   RO         2538    i.tripodAdcAction   tripod.o
    0x080065a4   0x00000074   Code   RO         2539    i.tripodInit        tripod.o
    0x08006618   0x00000090   Code   RO         2540    i.tripodOperationClose  tripod.o
    0x080066a8   0x00000090   Code   RO         2541    i.tripodOperationOpen  tripod.o
    0x08006738   0x00000090   Code   RO         2542    i.tripodOperationStop  tripod.o
    0x080067c8   0x00000014   Code   RO         2543    i.tripodOperationTime  tripod.o
    0x080067dc   0x00000090   Code   RO         2544    i.tripodPwmAction   tripod.o
    0x0800686c   0x00000090   Code   RO         2545    i.tripodPwmActionRequest  tripod.o
    0x080068fc   0x00000088   Code   RO         2546    i.tripodStatusGet   tripod.o
    0x08006984   0x0000007c   Code   RO         2547    i.tripodStop        tripod.o
    0x08006a00   0x000000c4   Code   RO         2548    i.tripodTimerAction  tripod.o
    0x08006ac4   0x0000002c   Code   RO         2978    locale$$code        c_w.l(lc_numeric_c.o)
    0x08006af0   0x0000002c   Code   RO         3066    locale$$code        c_w.l(lc_ctype_c.o)
    0x08006b1c   0x00000062   Code   RO         3087    x$fpl$d2f           fz_ws.l(d2f.o)
    0x08006b7e   0x00000002   PAD
    0x08006b80   0x00000010   Code   RO         3162    x$fpl$dcheck1       fz_ws.l(dcheck1.o)
    0x08006b90   0x00000018   Code   RO         2867    x$fpl$dcmpinf       fz_ws.l(dcmpi.o)
    0x08006ba8   0x00000078   Code   RO         3089    x$fpl$deqf          fz_ws.l(deqf.o)
    0x08006c20   0x00000078   Code   RO         2721    x$fpl$dleqf         fz_ws.l(dleqf.o)
    0x08006c98   0x0000009c   Code   RO         2869    x$fpl$dnaninf       fz_ws.l(dnaninf.o)
    0x08006d34   0x0000000c   Code   RO         2871    x$fpl$dretinf       fz_ws.l(dretinf.o)
    0x08006d40   0x0000006c   Code   RO         2723    x$fpl$drleqf        fz_ws.l(drleqf.o)
    0x08006dac   0x00000056   Code   RO         2725    x$fpl$f2d           fz_ws.l(f2d.o)
    0x08006e02   0x00000002   PAD
    0x08006e04   0x000000c4   Code   RO         2727    x$fpl$fadd          fz_ws.l(faddsub_clz.o)
    0x08006ec8   0x00000018   Code   RO         2873    x$fpl$fcmpinf       fz_ws.l(fcmpi.o)
    0x08006ee0   0x00000184   Code   RO         2734    x$fpl$fdiv          fz_ws.l(fdiv.o)
    0x08007064   0x00000068   Code   RO         2737    x$fpl$feqf          fz_ws.l(feqf.o)
    0x080070cc   0x00000036   Code   RO         2739    x$fpl$ffix          fz_ws.l(ffix.o)
    0x08007102   0x00000002   PAD
    0x08007104   0x0000003e   Code   RO         2743    x$fpl$ffixu         fz_ws.l(ffixu.o)
    0x08007142   0x00000002   PAD
    0x08007144   0x00000030   Code   RO         2748    x$fpl$fflt          fz_ws.l(fflt_clz.o)
    0x08007174   0x00000026   Code   RO         2747    x$fpl$ffltu         fz_ws.l(fflt_clz.o)
    0x0800719a   0x00000002   PAD
    0x0800719c   0x00000068   Code   RO         2753    x$fpl$fleqf         fz_ws.l(fleqf.o)
    0x08007204   0x00000102   Code   RO         2755    x$fpl$fmul          fz_ws.l(fmul.o)
    0x08007306   0x0000008c   Code   RO         2875    x$fpl$fnaninf       fz_ws.l(fnaninf.o)
    0x08007392   0x0000000a   Code   RO         2877    x$fpl$fretinf       fz_ws.l(fretinf.o)
    0x0800739c   0x00000062   Code   RO         2757    x$fpl$frleqf        fz_ws.l(frleqf.o)
    0x080073fe   0x00000002   PAD
    0x08007400   0x00000110   Code   RO         2879    x$fpl$fsqrt         fz_ws.l(fsqrt.o)
    0x08007510   0x000000ea   Code   RO         2729    x$fpl$fsub          fz_ws.l(faddsub_clz.o)
    0x080075fa   0x00000004   Code   RO         2759    x$fpl$printf1       fz_ws.l(printf1.o)
    0x080075fe   0x00000004   Code   RO         2761    x$fpl$printf2       fz_ws.l(printf2.o)
    0x08007602   0x00000064   Code   RO         3198    x$fpl$retnan        fz_ws.l(retnan.o)
    0x08007666   0x0000005c   Code   RO         3116    x$fpl$scalbn        fz_ws.l(scalbn.o)
    0x080076c2   0x00000004   Code   RO         2767    x$fpl$scanf1        fz_ws.l(scanf1.o)
    0x080076c6   0x00000008   Code   RO         3032    x$fpl$scanf2        fz_ws.l(scanf2.o)
    0x080076ce   0x00000030   Code   RO         3216    x$fpl$trapveneer    fz_ws.l(trapv.o)
    0x080076fe   0x00000000   Code   RO         2881    x$fpl$usenofp       fz_ws.l(usenofp.o)
    0x080076fe   0x00000002   PAD
    0x08007700   0x000000f5   Data   RO         1960    .constdata          cli.o
    0x080077f5   0x00000003   PAD
    0x080077f8   0x00000008   Data   RO         2635    .constdata          c_w.l(_printf_wctomb.o)
    0x08007800   0x00000028   Data   RO         2656    .constdata          c_w.l(_printf_hex_int_ptr.o)
    0x08007828   0x00000011   Data   RO         2682    .constdata          c_w.l(__printf_flags_ss_wp.o)
    0x08007839   0x00000026   Data   RO         2843    .constdata          c_w.l(_printf_fp_hex.o)
    0x0800785f   0x00000001   PAD
    0x08007860   0x00000094   Data   RO         2953    .constdata          c_w.l(bigflt0.o)
    0x080078f4   0x000001f5   Data   RO         1961    .conststring        cli.o
    0x08007ae9   0x00000003   PAD
    0x08007aec   0x00000311   Data   RO         2119    .conststring        config.o
    0x08007dfd   0x00000003   PAD
    0x08007e00   0x00000020   Data   RO         3218    Region$$Table       anon$$obj.o
    0x08007e20   0x00000008   Data   RO         3027    c$$dinf             fz_ws.l(fpconst.o)
    0x08007e28   0x0000001c   Data   RO         2977    locale$$data        c_w.l(lc_numeric_c.o)
    0x08007e44   0x00000110   Data   RO         3065    locale$$data        c_w.l(lc_ctype_c.o)


    Execution Region RW_IRAM1 (Base: 0x20000000, Size: 0x00001d80, Max: 0x00005000, ABSOLUTE, COMPRESSED[0x00000128])

    Base Addr    Size         Type   Attr      Idx    E Section Name        Object

    0x20000000   0x00000014   Data   RW          841    .data               stm32f10x_rcc.o
    0x20000014   0x00000014   Data   RW         1747    .data               system_stm32f10x.o
    0x20000028   0x00000050   Data   RW         1791    .data               adc.o
    0x20000078   0x0000001c   Data   RW         1865    .data               binary.o
    0x20000094   0x00000048   Data   RW         1962    .data               cli.o
    0x200000dc   0x00000180   Data   RW         2120    .data               config.o
    0x2000025c   0x0000001b   Data   RW         2222    .data               main.o
    0x20000277   0x00000001   PAD
    0x20000278   0x00000014   Data   RW         2321    .data               pwm.o
    0x2000028c   0x00000034   Data   RW         2417    .data               run.o
    0x200002c0   0x00000026   Data   RW         2549    .data               tripod.o
    0x200002e6   0x00000002   PAD
    0x200002e8   0x00000194   Zero   RW         1790    .bss                adc.o
    0x2000047c   0x0000001b   Zero   RW         1864    .bss                binary.o
    0x20000497   0x00000070   Zero   RW         1959    .bss                cli.o
    0x20000507   0x00000001   PAD
    0x20000508   0x000000c0   Zero   RW         2118    .bss                config.o
    0x200005c8   0x00000040   Zero   RW         2221    .bss                main.o
    0x20000608   0x00001114   Zero   RW         2480    .bss                serial.o
    0x2000171c   0x00000060   Zero   RW         3049    .bss                c_w.l(libspace.o)
    0x2000177c   0x00000004   PAD
    0x20001780   0x00000200   Zero   RW         1778    HEAP                startup_stm32f10x_md.o
    0x20001980   0x00000400   Zero   RW         1777    STACK               startup_stm32f10x_md.o


==============================================================================

Image component sizes


      Code (inc. data)   RO Data    RW Data    ZI Data      Debug   Object Name

       798        102          0         80        404       6793   adc.o
      1604        266          0         28         27       8794   binary.o
      3826       1484        746         72        112      16118   cli.o
       696        144        785        384        192       8843   config.o
        54          0          0          0          0       1030   digital.o
         6          0          0          0          0        445   getbuildnum.o
       280         44          0         27         64       3746   main.o
       112         12          0          0          0       1032   misc.o
       632         80          0         20          0       3138   pwm.o
       436         64          0          0          0       3093   rcc.o
       628        114          0         52          0      19282   run.o
       770         78          0          0       4372       5276   serial.o
        64         26        236          0       1536        816   startup_stm32f10x_md.o
       390         10          0          0          0     239173   stm32f10x_adc.o
       470         18          0          0          0      14642   stm32f10x_dma.o
       330         38          0          0          0      11364   stm32f10x_flash.o
       422          6          0          0          0       2742   stm32f10x_gpio.o
       424         60          0         20          0       6814   stm32f10x_rcc.o
       708         84          0          0          0      27202   stm32f10x_tim.o
       258          6          0          0          0       9324   stm32f10x_usart.o
       328         28          0         20          0       2201   system_stm32f10x.o
      1644        436          0         38          0       6931   tripod.o

    ----------------------------------------------------------------------
     14896       3100       1808        744       6708     398799   Object Totals
         0          0         32          0          0          0   (incl. Generated)
        16          0          9          3          1          0   (incl. Padding)

    ----------------------------------------------------------------------

      Code (inc. data)   RO Data    RW Data    ZI Data      Debug   Library Member Name

        60          8          0          0          0         84   __0sscanf.o
        90          0          0          0          0          0   __dczerorl2.o
         8          0          0          0          0         68   __main.o
       392          4         17          0          0         92   __printf_flags_ss_wp.o
        14          0          0          0          0         68   __printf_wp.o
         0          0          0          0          0          0   __rtentry.o
        12          0          0          0          0          0   __rtentry2.o
         6          0          0          0          0          0   __rtentry4.o
        52          8          0          0          0          0   __scatter.o
        28          0          0          0          0          0   __scatter_zi.o
        28          0          0          0          0         68   _chval.o
         6          0          0          0          0          0   _printf_a.o
         6          0          0          0          0          0   _printf_c.o
        44          0          0          0          0        108   _printf_char.o
        48          6          0          0          0         96   _printf_char_common.o
        40          0          0          0          0         68   _printf_charcount.o
         6          0          0          0          0          0   _printf_d.o
       120         16          0          0          0         92   _printf_dec.o
         6          0          0          0          0          0   _printf_e.o
         6          0          0          0          0          0   _printf_f.o
      1050          0          0          0          0        216   _printf_fp_dec.o
       764         10         38          0          0        100   _printf_fp_hex.o
       128         16          0          0          0         84   _printf_fp_infnan.o
         6          0          0          0          0          0   _printf_g.o
       124          4         40          0          0        144   _printf_hex_int_ptr.o
         6          0          0          0          0          0   _printf_i.o
       178          0          0          0          0         88   _printf_intcommon.o
        10          0          0          0          0          0   _printf_l.o
         6          0          0          0          0          0   _printf_lc.o
         6          0          0          0          0          0   _printf_n.o
         6          0          0          0          0          0   _printf_o.o
        84         10          0          0          0         88   _printf_oct_int.o
         6          0          0          0          0          0   _printf_p.o
        78          0          0          0          0        108   _printf_pad.o
         0          0          0          0          0          0   _printf_percent.o
         4          0          0          0          0          0   _printf_percent_end.o
         6          0          0          0          0          0   _printf_s.o
        82          0          0          0          0         80   _printf_str.o
        36          0          0          0          0         84   _printf_truncate.o
         6          0          0          0          0          0   _printf_u.o
        44          0          0          0          0        108   _printf_wchar.o
       188          6          8          0          0         92   _printf_wctomb.o
         6          0          0          0          0          0   _printf_x.o
        22          0          0          0          0        100   _rserrno.o
       884          6          0          0          0        100   _scanf.o
       332          0          0          0          0         96   _scanf_int.o
       224          0          0          0          0         96   _scanf_str.o
        64          0          0          0          0         84   _sgetc.o
        10          0          0          0          0         68   _sputc.o
        64          0          0          0          0         92   _wcrtomb.o
       220          4        148          0          0         96   bigflt0.o
        80          0          0          0          0         88   bsearchnoex.o
      2074        132          0          0          0        940   btod.o
        40          0          0          0          0         80   calloc.o
        10          0          0          0          0         68   defsig_exit.o
        50          0          0          0          0         88   defsig_general.o
        80         58          0          0          0         76   defsig_rtmem_inner.o
        14          0          0          0          0         80   defsig_rtmem_outer.o
        12          0          0          0          0         72   exit.o
        94          0          0          0          0         80   h1_alloc.o
        52          0          0          0          0         68   h1_extend.o
        78          0          0          0          0         80   h1_free.o
        14          0          0          0          0         84   h1_init.o
         6          0          0          0          0        152   heapauxi.o
         4          0          0          0          0        136   hguard.o
         0          0          0          0          0          0   indicate_semi.o
       138          0          0          0          0        168   init_alloc.o
        18          0          0          0          0         76   isspace.o
        44         10        272          0          0         76   lc_ctype_c.o
        44         10         28          0          0         76   lc_numeric_c.o
         2          0          0          0          0          0   libinit.o
        38          0          0          0          0          0   libinit2.o
         2          0          0          0          0          0   libshutdown.o
         2          0          0          0          0          0   libshutdown2.o
         8          4          0          0         96         68   libspace.o
        38          0          0          0          0         68   llshl.o
       138          0          0          0          0         80   lludiv10.o
         0          0          0          0          0          0   maybetermalloc1.o
        40          6          0          0          0         84   noretval__2sprintf.o
        16          4          0          0          0         76   rt_ctype_table.o
         8          4          0          0          0         68   rt_errno_addr_intlibspace.o
         8          4          0          0          0         68   rt_heap_descriptor_intlibspace.o
         8          4          0          0          0         68   rt_locale_intlibspace.o
        68          0          0          0          0         68   rt_memclr.o
        78          0          0          0          0         80   rt_memclr_w.o
       100          0          0          0          0         80   rt_memcpy_w.o
         2          0          0          0          0          0   rtexit.o
        10          0          0          0          0          0   rtexit2.o
        44          8          0          0          0         84   scanf_char.o
      1188         12          0          0          0        148   scanf_fp.o
       792         14          0          0          0        100   scanf_hexfp.o
       308         16          0          0          0        100   scanf_infnan.o
        42          0          0          0          0         84   strcasecmp.o
       128          0          0          0          0         68   strcmpv7m.o
        62          0          0          0          0         76   strlen.o
        50          0          0          0          0         84   strncasecmp.o
        12          4          0          0          0         68   sys_exit.o
        74          0          0          0          0         80   sys_stackheap_outer.o
        14          0          0          0          0         76   sys_wrch.o
        26          0          0          0          0         76   tolower.o
         2          0          0          0          0         68   use_no_semi.o
        98          4          0          0          0         92   d2f.o
        16          4          0          0          0         68   dcheck1.o
        24          0          0          0          0         68   dcmpi.o
       120          4          0          0          0         92   deqf.o
       120          4          0          0          0         92   dleqf.o
       156          4          0          0          0         92   dnaninf.o
        12          0          0          0          0         68   dretinf.o
       108          0          0          0          0         80   drleqf.o
        86          4          0          0          0         84   f2d.o
       430          8          0          0          0        168   faddsub_clz.o
        24          0          0          0          0         68   fcmpi.o
       388         76          0          0          0         96   fdiv.o
       104          4          0          0          0         84   feqf.o
        54          4          0          0          0         84   ffix.o
        62          4          0          0          0         84   ffixu.o
        86          0          0          0          0        136   fflt_clz.o
       104          4          0          0          0         84   fleqf.o
       258          4          0          0          0         84   fmul.o
       140          4          0          0          0         84   fnaninf.o
         0          0          8          0          0          0   fpconst.o
        10          0          0          0          0         68   fretinf.o
        98          0          0          0          0         68   frleqf.o
       272        100          0          0          0         88   fsqrt.o
         4          0          0          0          0         68   printf1.o
         4          0          0          0          0         68   printf2.o
       100          0          0          0          0         68   retnan.o
        92          0          0          0          0         68   scalbn.o
         4          0          0          0          0         68   scanf1.o
         8          0          0          0          0         84   scanf2.o
        48          0          0          0          0         68   trapv.o
         0          0          0          0          0          0   usenofp.o
        30          6          0          0          0        136   dunder.o
        40          0          0          0          0         68   fpclassify.o
        88          8          0          0          0         76   frexp.o
       138          0          0          0          0        160   ldexp.o
       152          4          0          0          0        168   narrow.o
        44          0          0          0          0         80   sqrtf.o

    ----------------------------------------------------------------------
     15332        638        560          0        100      10188   Library Totals
        34          0          1          0          4          0   (incl. Padding)

    ----------------------------------------------------------------------

      Code (inc. data)   RO Data    RW Data    ZI Data      Debug   Library Name

     11776        388        551          0         96       7076   c_w.l
      3030        232          8          0          0       2424   fz_ws.l
       492         18          0          0          0        688   m_ws.l

    ----------------------------------------------------------------------
     15332        638        560          0        100      10188   Library Totals

    ----------------------------------------------------------------------

==============================================================================


      Code (inc. data)   RO Data    RW Data    ZI Data      Debug   

     30228       3738       2368        744       6808     395567   Grand Totals
     30228       3738       2368        296       6808     395567   ELF Image Totals (compressed)
     30228       3738       2368        296          0          0   ROM Totals

==============================================================================

    Total RO  Size (Code + RO Data)                32596 (  31.83kB)
    Total RW  Size (RW Data + ZI Data)              7552 (   7.38kB)
    Total ROM Size (Code + RO Data + RW Data)      32892 (  32.12kB)

==============================================================================

